 nka700@archz490  …/osimages  ↵ SIGINT(2)  ssh root@192.168.11.6
root@192.168.11.6's password: 
Last login: Tue Oct  4 01:33:47 2022
[root@archlinuxdeskmini110 ~]#  git clone https://github.com/Nka700/ansible-arch-openbox-setup.git
Cloning into 'ansible-arch-openbox-setup'...
remote: Enumerating objects: 390, done.
remote: Counting objects: 100% (31/31), done.
remote: Compressing objects: 100% (16/16), done.
remote: Total 390 (delta 12), reused 26 (delta 10), pack-reused 359
Receiving objects: 100% (390/390), 31.05 KiB | 2.59 MiB/s, done.
Resolving deltas: 100% (180/180), done.
[root@archlinuxdeskmini110 ~]# pacman -S --noconfirm archlinux-keyring
warning: archlinux-keyring-20220927-1 is up to date -- reinstalling
resolving dependencies...
looking for conflicting packages...

Packages (1) archlinux-keyring-20220927-1

Total Installed Size:  1.57 MiB
Net Upgrade Size:      0.00 MiB

:: Proceed with installation? [Y/n] 
(1/1) checking keys in keyring                                                                                                  [##############################################################################] 100%
(1/1) checking package integrity                                                                                                [##############################################################################] 100%
(1/1) loading package files                                                                                                     [##############################################################################] 100%
(1/1) checking for file conflicts                                                                                               [##############################################################################] 100%
(1/1) checking available disk space                                                                                             [##############################################################################] 100%
:: Processing package changes...
(1/1) reinstalling archlinux-keyring                                                                                            [##############################################################################] 100%
==> Appending keys from archlinux.gpg...
==> Updating trust database...
gpg: next trustdb check due at 2022-11-16
==> Updating trust database...
gpg: next trustdb check due at 2022-11-16
:: Running post-transaction hooks...
(1/2) Reloading system manager configuration...
(2/2) Arming ConditionNeedsUpdate...
[root@archlinuxdeskmini110 ~]# ansible-playbook -i localhost main.yml --extra-vars "username=nka700 upassword=doragon564"                 
ERROR! the playbook: main.yml could not be found
[root@archlinuxdeskmini110 ~]# cd ansible-arch-openbox-setup/
[root@archlinuxdeskmini110 ansible-arch-openbox-setup]# ansible-playbook -i localhost main.yml --extra-vars "username=nka700 upassword=doragon564"
[WARNING]: Unable to parse /root/ansible-arch-openbox-setup/localhost as an inventory source
[WARNING]: No inventory was parsed, only implicit localhost is available
[WARNING]: provided hosts list is empty, only localhost is available. Note that the implicit localhost does not match 'all'

PLAY [localhost] ****************************************************************************************************************************************************************************************************

TASK [Gathering Facts] **********************************************************************************************************************************************************************************************
ok: [localhost]

TASK [openbox : check updates] **************************************************************************************************************************************************************************************
ok: [localhost]

TASK [openbox : include_tasks] **************************************************************************************************************************************************************************************
included: /root/ansible-arch-openbox-setup/roles/openbox/tasks/user.yml for localhost

TASK [openbox : add "nka700" user] **********************************************************************************************************************************************************************************
changed: [localhost]

TASK [openbox : add "nka700" user  to sudoers] **********************************************************************************************************************************************************************
changed: [localhost]

TASK [openbox : include_tasks] **************************************************************************************************************************************************************************************
included: /root/ansible-arch-openbox-setup/roles/openbox/tasks/pacman.yml for localhost

TASK [openbox : Enable pacman colourised output and verbose package lists] ******************************************************************************************************************************************
changed: [localhost] => (item={'regexp': '^#Color$', 'replace': 'Color'})
changed: [localhost] => (item={'regexp': '^#VerbosePkgLists$', 'replace': 'VerbosePkgLists'})

TASK [openbox : Enable repositories] ********************************************************************************************************************************************************************************
skipping: [localhost]

TASK [openbox : Ignore 'modified' group] ****************************************************************************************************************************************************************************
changed: [localhost]

TASK [openbox : include_tasks] **************************************************************************************************************************************************************************************
included: /root/ansible-arch-openbox-setup/roles/openbox/tasks/core-apps.yml for localhost

TASK [openbox : install basic utils, shells, apps] ******************************************************************************************************************************************************************
changed: [localhost]

TASK [openbox : Install archival utils] *****************************************************************************************************************************************************************************
changed: [localhost]

TASK [openbox : Install download utils] *****************************************************************************************************************************************************************************
changed: [localhost]

TASK [openbox : Install extra packages] *****************************************************************************************************************************************************************************
fatal: [localhost]: FAILED! => {"changed": false, "cmd": ["/usr/bin/pacman", "--noconfirm", "--noprogressbar", "--needed", "--sync", "arch-audit-gtk", "conky", "fcitx5", "fcitx5-configtool", "fcitx5-gtk", "fcitx5-mozc", "fcitx5-qt", "vlc", "mpv", "gimp", "gvim", "gsimplecal", "jq", "blueman", "bluez", "pulseaudio", "pulseaudio-bluetooth", "pavucontrol", "slock", "noto-fonts-cjk", "noto-fonts-emoji", "docker", "docker-compose", "lshw", "rofi", "redshift", "noto-fonts-cjk", "noto-fonts-emoji", "nvidia", "nvidia-dkms", "nvidia-settings", "nvidia-utils", "xf86-video-nouveau", "gsimplecal"], "msg": "Failed to install package(s)", "stderr": "warning: removing 'nvidia' from target list because it conflicts with 'nvidia-dkms'\nerror: unresolvable package conflicts detected\nerror: failed to prepare transaction (conflicting dependencies)\n", "stderr_lines": ["warning: removing 'nvidia' from target list because it conflicts with 'nvidia-dkms'", "error: unresolvable package conflicts detected", "error: failed to prepare transaction (conflicting dependencies)"], "stdout": "resolving dependencies...\n:: There are 2 providers available for jack:\n:: Repository extra\n   1) jack2  2) pipewire-jack\n\nEnter a number (default=1): \nlooking for conflicting packages...\n:: gvim and vim are in conflict (vim-minimal). Remove vim? [y/N] \n:: gvim and vim are in conflict\n", "stdout_lines": ["resolving dependencies...", ":: There are 2 providers available for jack:", ":: Repository extra", "   1) jack2  2) pipewire-jack", "", "Enter a number (default=1): ", "looking for conflicting packages...", ":: gvim and vim are in conflict (vim-minimal). Remove vim? [y/N] ", ":: gvim and vim are in conflict"]}

PLAY RECAP **********************************************************************************************************************************************************************************************************
localhost                  : ok=12   changed=7    unreachable=0    failed=1    skipped=1    rescued=0    ignored=0   

[root@archlinuxdeskmini110 ansible-arch-openbox-setup]# pacman -R vim
checking dependencies...

Package (1)  Old Version  Net Change

vim          9.0.0354-1    -4.65 MiB

Total Removed Size:  4.65 MiB

:: Do you want to remove these packages? [Y/n] Y
:: Processing package changes...
(1/1) removing vim                                                                                                              [##############################################################################] 100%
:: Running post-transaction hooks...
(1/3) Arming ConditionNeedsUpdate...
(2/3) Updating icon theme caches...
(3/3) Updating the desktop file MIME type cache...
[root@archlinuxdeskmini110 ansible-arch-openbox-setup]# ansible-playbook -i localhost main.yml --extra-vars "username=nka700 upassword=doragon564"
[WARNING]: Unable to parse /root/ansible-arch-openbox-setup/localhost as an inventory source
[WARNING]: No inventory was parsed, only implicit localhost is available
[WARNING]: provided hosts list is empty, only localhost is available. Note that the implicit localhost does not match 'all'

PLAY [localhost] ****************************************************************************************************************************************************************************************************

TASK [Gathering Facts] **********************************************************************************************************************************************************************************************
ok: [localhost]

TASK [openbox : check updates] **************************************************************************************************************************************************************************************
ok: [localhost]

TASK [openbox : include_tasks] **************************************************************************************************************************************************************************************
included: /root/ansible-arch-openbox-setup/roles/openbox/tasks/user.yml for localhost

TASK [openbox : add "nka700" user] **********************************************************************************************************************************************************************************
changed: [localhost]

TASK [openbox : add "nka700" user  to sudoers] **********************************************************************************************************************************************************************
ok: [localhost]

TASK [openbox : include_tasks] **************************************************************************************************************************************************************************************
included: /root/ansible-arch-openbox-setup/roles/openbox/tasks/pacman.yml for localhost

TASK [openbox : Enable pacman colourised output and verbose package lists] ******************************************************************************************************************************************
ok: [localhost] => (item={'regexp': '^#Color$', 'replace': 'Color'})
ok: [localhost] => (item={'regexp': '^#VerbosePkgLists$', 'replace': 'VerbosePkgLists'})

TASK [openbox : Enable repositories] ********************************************************************************************************************************************************************************
skipping: [localhost]

TASK [openbox : Ignore 'modified' group] ****************************************************************************************************************************************************************************
ok: [localhost]

TASK [openbox : include_tasks] **************************************************************************************************************************************************************************************
included: /root/ansible-arch-openbox-setup/roles/openbox/tasks/core-apps.yml for localhost

TASK [openbox : install basic utils, shells, apps] ******************************************************************************************************************************************************************
ok: [localhost]

TASK [openbox : Install archival utils] *****************************************************************************************************************************************************************************
ok: [localhost]

TASK [openbox : Install download utils] *****************************************************************************************************************************************************************************
ok: [localhost]

TASK [openbox : Install extra packages] *****************************************************************************************************************************************************************************

changed: [localhost]

TASK [openbox : Install python packages] ****************************************************************************************************************************************************************************
An exception occurred during task execution. To see the full traceback, use -vvv. The error was: ModuleNotFoundError: No module named 'pkg_resources'
fatal: [localhost]: FAILED! => {"changed": false, "msg": "Failed to import the required Python library (setuptools) on archlinuxdeskmini110's Python /usr/bin/python. Please read the module documentation and install it in the appropriate location. If the required library is installed, but Ansible is using the wrong Python interpreter, please consult the documentation on ansible_python_interpreter"}

PLAY RECAP **********************************************************************************************************************************************************************************************************
localhost                  : ok=13   changed=2    unreachable=0    failed=1    skipped=1    rescued=0    ignored=0   

[root@archlinuxdeskmini110 ansible-arch-openbox-setup]# 
[root@archlinuxdeskmini110 ansible-arch-openbox-setup]# grep -r pkg_resources
[root@archlinuxdeskmini110 ansible-arch-openbox-setup]# grep -r pkg_resource 
[root@archlinuxdeskmini110 ansible-arch-openbox-setup]# vim                 
ansible.cfg  .git/        main.yml     README.md    roles/       
[root@archlinuxdeskmini110 ansible-arch-openbox-setup]# vim roles/openbox/
tasks/ vars/  
[root@archlinuxdeskmini110 ansible-arch-openbox-setup]# vim roles/openbox/
tasks/ vars/  
[root@archlinuxdeskmini110 ansible-arch-openbox-setup]# vim roles/openbox/tasks/main.yml 
[root@archlinuxdeskmini110 ansible-arch-openbox-setup]# pip install pynvim
Collecting pynvim
  Downloading pynvim-0.4.3.tar.gz (56 kB)
     ━━━━━━━━━━━━━━━━━━━━━━━━━━━━━━━━━━━━━━━━ 56.2/56.2 kB 2.6 MB/s eta 0:00:00
  Installing build dependencies ... done
  Getting requirements to build wheel ... done
  Preparing metadata (pyproject.toml) ... done
Collecting greenlet
  Downloading greenlet-1.1.3-cp310-cp310-manylinux_2_17_x86_64.manylinux2014_x86_64.whl (155 kB)
     ━━━━━━━━━━━━━━━━━━━━━━━━━━━━━━━━━━━━━━━━ 155.9/155.9 kB 1.3 MB/s eta 0:00:00
Collecting msgpack>=0.5.0
  Downloading msgpack-1.0.4-cp310-cp310-manylinux_2_17_x86_64.manylinux2014_x86_64.whl (316 kB)
     ━━━━━━━━━━━━━━━━━━━━━━━━━━━━━━━━━━━━━━━━ 317.0/317.0 kB 1.9 MB/s eta 0:00:00
Building wheels for collected packages: pynvim
  Building wheel for pynvim (pyproject.toml) ... done
  Created wheel for pynvim: filename=pynvim-0.4.3-py3-none-any.whl size=41586 sha256=577ecff52cc585f4e25e7cbcd9cabf057cf71b8d2cc6ecc46e982d252e736e6d
  Stored in directory: /root/.cache/pip/wheels/0e/3a/e1/0ccf16162882c3a74e1e442f05c200f5fdc66b7cbab21adcf5
Successfully built pynvim
Installing collected packages: msgpack, greenlet, pynvim
Successfully installed greenlet-1.1.3 msgpack-1.0.4 pynvim-0.4.3
WARNING: Running pip as the 'root' user can result in broken permissions and conflicting behaviour with the system package manager. It is recommended to use a virtual environment instead: https://pip.pypa.io/warnings/venv
[root@archlinuxdeskmini110 ansible-arch-openbox-setup]# ansible-playbook -i localhost main.yml --extra-vars "username=nka700 upassword=doragon564"
[WARNING]: Unable to parse /root/ansible-arch-openbox-setup/localhost as an inventory source
[WARNING]: No inventory was parsed, only implicit localhost is available
[WARNING]: provided hosts list is empty, only localhost is available. Note that the implicit localhost does not match 'all'

PLAY [localhost] ****************************************************************************************************************************************************************************************************

TASK [Gathering Facts] **********************************************************************************************************************************************************************************************
ok: [localhost]

TASK [openbox : check updates] **************************************************************************************************************************************************************************************
changed: [localhost]

TASK [openbox : include_tasks] **************************************************************************************************************************************************************************************
included: /root/ansible-arch-openbox-setup/roles/openbox/tasks/user.yml for localhost

TASK [openbox : add "nka700" user] **********************************************************************************************************************************************************************************
changed: [localhost]

TASK [openbox : add "nka700" user  to sudoers] **********************************************************************************************************************************************************************
ok: [localhost]

TASK [openbox : include_tasks] **************************************************************************************************************************************************************************************
included: /root/ansible-arch-openbox-setup/roles/openbox/tasks/pacman.yml for localhost

TASK [openbox : Enable pacman colourised output and verbose package lists] ******************************************************************************************************************************************
ok: [localhost] => (item={'regexp': '^#Color$', 'replace': 'Color'})
ok: [localhost] => (item={'regexp': '^#VerbosePkgLists$', 'replace': 'VerbosePkgLists'})

TASK [openbox : Enable repositories] ********************************************************************************************************************************************************************************
skipping: [localhost]

TASK [openbox : Ignore 'modified' group] ****************************************************************************************************************************************************************************
ok: [localhost]

TASK [openbox : include_tasks] **************************************************************************************************************************************************************************************
included: /root/ansible-arch-openbox-setup/roles/openbox/tasks/core-apps.yml for localhost

TASK [openbox : install basic utils, shells, apps] ******************************************************************************************************************************************************************
ok: [localhost]

TASK [openbox : Install archival utils] *****************************************************************************************************************************************************************************
ok: [localhost]

TASK [openbox : Install download utils] *****************************************************************************************************************************************************************************
ok: [localhost]

TASK [openbox : Install extra packages] *****************************************************************************************************************************************************************************
fatal: [localhost]: FAILED! => {"changed": false, "cmd": ["/usr/bin/pacman", "--noconfirm", "--noprogressbar", "--needed", "--sync", "nvidia"], "msg": "Failed to install package(s)", "stderr": "error: unresolvable package conflicts detected\nerror: failed to prepare transaction (conflicting dependencies)\n", "stderr_lines": ["error: unresolvable package conflicts detected", "error: failed to prepare transaction (conflicting dependencies)"], "stdout": "resolving dependencies...\nlooking for conflicting packages...\n:: nvidia and nvidia-dkms are in conflict (NVIDIA-MODULE). Remove nvidia-dkms? [y/N] \n:: nvidia and nvidia-dkms are in conflict\n", "stdout_lines": ["resolving dependencies...", "looking for conflicting packages...", ":: nvidia and nvidia-dkms are in conflict (NVIDIA-MODULE). Remove nvidia-dkms? [y/N] ", ":: nvidia and nvidia-dkms are in conflict"]}

PLAY RECAP **********************************************************************************************************************************************************************************************************
localhost                  : ok=12   changed=2    unreachable=0    failed=1    skipped=1    rescued=0    ignored=0   

[root@archlinuxdeskmini110 ansible-arch-openbox-setup]# pacman -Syy
:: Synchronizing package databases...
 core                                                                                               155.5 KiB  1111 KiB/s 00:00 [##############################################################################] 100%
 extra                                                                                             1719.7 KiB  1237 KiB/s 00:01 [##############################################################################] 100%
 community                                                                                            7.0 MiB   715 KiB/s 00:10 [##############################################################################] 100%
[root@archlinuxdeskmini110 ansible-arch-openbox-setup]# vim roles/openbox/tasks/core-apps.yml                                                     
[root@archlinuxdeskmini110 ansible-arch-openbox-setup]# ansible-playbook -i localhost main.yml --extra-vars "username=nka700 upassword=doragon564"
[WARNING]: Unable to parse /root/ansible-arch-openbox-setup/localhost as an inventory source
[WARNING]: No inventory was parsed, only implicit localhost is available
[WARNING]: provided hosts list is empty, only localhost is available. Note that the implicit localhost does not match 'all'

PLAY [localhost] ****************************************************************************************************************************************************************************************************

TASK [Gathering Facts] **********************************************************************************************************************************************************************************************
ok: [localhost]

TASK [openbox : check updates] **************************************************************************************************************************************************************************************
ok: [localhost]

TASK [openbox : include_tasks] **************************************************************************************************************************************************************************************
included: /root/ansible-arch-openbox-setup/roles/openbox/tasks/user.yml for localhost

TASK [openbox : add "nka700" user] **********************************************************************************************************************************************************************************
changed: [localhost]

TASK [openbox : add "nka700" user  to sudoers] **********************************************************************************************************************************************************************
ok: [localhost]

TASK [openbox : include_tasks] **************************************************************************************************************************************************************************************
included: /root/ansible-arch-openbox-setup/roles/openbox/tasks/pacman.yml for localhost

TASK [openbox : Enable pacman colourised output and verbose package lists] ******************************************************************************************************************************************
ok: [localhost] => (item={'regexp': '^#Color$', 'replace': 'Color'})
ok: [localhost] => (item={'regexp': '^#VerbosePkgLists$', 'replace': 'VerbosePkgLists'})

TASK [openbox : Enable repositories] ********************************************************************************************************************************************************************************
skipping: [localhost]

TASK [openbox : Ignore 'modified' group] ****************************************************************************************************************************************************************************
ok: [localhost]

TASK [openbox : include_tasks] **************************************************************************************************************************************************************************************
included: /root/ansible-arch-openbox-setup/roles/openbox/tasks/core-apps.yml for localhost

TASK [openbox : install basic utils, shells, apps] ******************************************************************************************************************************************************************
ok: [localhost]

TASK [openbox : Install archival utils] *****************************************************************************************************************************************************************************
ok: [localhost]

TASK [openbox : Install download utils] *****************************************************************************************************************************************************************************
ok: [localhost]

TASK [openbox : Install extra packages] *****************************************************************************************************************************************************************************
fatal: [localhost]: FAILED! => {"changed": false, "cmd": ["/usr/bin/pacman", "--noconfirm", "--noprogressbar", "--needed", "--sync", "nvidia"], "msg": "Failed to install package(s)", "stderr": "error: unresolvable package conflicts detected\nerror: failed to prepare transaction (conflicting dependencies)\n", "stderr_lines": ["error: unresolvable package conflicts detected", "error: failed to prepare transaction (conflicting dependencies)"], "stdout": "resolving dependencies...\nlooking for conflicting packages...\n:: nvidia and nvidia-dkms are in conflict (NVIDIA-MODULE). Remove nvidia-dkms? [y/N] \n:: nvidia and nvidia-dkms are in conflict\n", "stdout_lines": ["resolving dependencies...", "looking for conflicting packages...", ":: nvidia and nvidia-dkms are in conflict (NVIDIA-MODULE). Remove nvidia-dkms? [y/N] ", ":: nvidia and nvidia-dkms are in conflict"]}

PLAY RECAP **********************************************************************************************************************************************************************************************************
localhost                  : ok=12   changed=1    unreachable=0    failed=1    skipped=1    rescued=0    ignored=0   

[root@archlinuxdeskmini110 ansible-arch-openbox-setup]# pacman -R nvidia-dkms --noconfirm
checking dependencies...

Package (1)  Old Version  Net Change

nvidia-dkms  515.76-1     -52.51 MiB

Total Removed Size:  52.51 MiB

:: Do you want to remove these packages? [Y/n] 
:: Running pre-transaction hooks...
(1/1) Remove DKMS modules
:: Processing package changes...
(1/1) removing nvidia-dkms                                                                                                      [##############################################################################] 100%
:: Running post-transaction hooks...
(1/2) Arming ConditionNeedsUpdate...
(2/2) Notifying arch-audit-gtk
[root@archlinuxdeskmini110 ansible-arch-openbox-setup]# ansible-playbook -i localhost main.yml --extra-vars "username=nka700 upassword=doragon564"
[WARNING]: Unable to parse /root/ansible-arch-openbox-setup/localhost as an inventory source
[WARNING]: No inventory was parsed, only implicit localhost is available
[WARNING]: provided hosts list is empty, only localhost is available. Note that the implicit localhost does not match 'all'

PLAY [localhost] ****************************************************************************************************************************************************************************************************

TASK [Gathering Facts] **********************************************************************************************************************************************************************************************
ok: [localhost]

TASK [openbox : check updates] **************************************************************************************************************************************************************************************
ok: [localhost]

TASK [openbox : include_tasks] **************************************************************************************************************************************************************************************
included: /root/ansible-arch-openbox-setup/roles/openbox/tasks/user.yml for localhost

TASK [openbox : add "nka700" user] **********************************************************************************************************************************************************************************
changed: [localhost]

TASK [openbox : add "nka700" user  to sudoers] **********************************************************************************************************************************************************************
ok: [localhost]

TASK [openbox : include_tasks] **************************************************************************************************************************************************************************************
included: /root/ansible-arch-openbox-setup/roles/openbox/tasks/pacman.yml for localhost

TASK [openbox : Enable pacman colourised output and verbose package lists] ******************************************************************************************************************************************
ok: [localhost] => (item={'regexp': '^#Color$', 'replace': 'Color'})
ok: [localhost] => (item={'regexp': '^#VerbosePkgLists$', 'replace': 'VerbosePkgLists'})

TASK [openbox : Enable repositories] ********************************************************************************************************************************************************************************
skipping: [localhost]

TASK [openbox : Ignore 'modified' group] ****************************************************************************************************************************************************************************
ok: [localhost]

TASK [openbox : include_tasks] **************************************************************************************************************************************************************************************
included: /root/ansible-arch-openbox-setup/roles/openbox/tasks/core-apps.yml for localhost

TASK [openbox : install basic utils, shells, apps] ******************************************************************************************************************************************************************
ok: [localhost]

TASK [openbox : Install archival utils] *****************************************************************************************************************************************************************************
ok: [localhost]

TASK [openbox : Install download utils] *****************************************************************************************************************************************************************************
ok: [localhost]

TASK [openbox : Install extra packages] *****************************************************************************************************************************************************************************

changed: [localhost]

TASK [openbox : Install python packages] ****************************************************************************************************************************************************************************
An exception occurred during task execution. To see the full traceback, use -vvv. The error was: ModuleNotFoundError: No module named 'pkg_resources'
fatal: [localhost]: FAILED! => {"changed": false, "msg": "Failed to import the required Python library (setuptools) on archlinuxdeskmini110's Python /usr/bin/python. Please read the module documentation and install it in the appropriate location. If the required library is installed, but Ansible is using the wrong Python interpreter, please consult the documentation on ansible_python_interpreter"}

PLAY RECAP **********************************************************************************************************************************************************************************************************
localhost                  : ok=13   changed=2    unreachable=0    failed=1    skipped=1    rescued=0    ignored=0   

[root@archlinuxdeskmini110 ansible-arch-openbox-setup]# 
[root@archlinuxdeskmini110 ansible-arch-openbox-setup]# 
[root@archlinuxdeskmini110 ansible-arch-openbox-setup]# pip install setuptools
Collecting setuptools
  Using cached setuptools-65.4.1-py3-none-any.whl (1.2 MB)
Installing collected packages: setuptools
Successfully installed setuptools-65.4.1
WARNING: Running pip as the 'root' user can result in broken permissions and conflicting behaviour with the system package manager. It is recommended to use a virtual environment instead: https://pip.pypa.io/warnings/venv
[root@archlinuxdeskmini110 ansible-arch-openbox-setup]# ansible-playbook -i localhost main.yml --extra-vars "username=nka700 upassword=doragon564"
[WARNING]: Unable to parse /root/ansible-arch-openbox-setup/localhost as an inventory source
[WARNING]: No inventory was parsed, only implicit localhost is available
[WARNING]: provided hosts list is empty, only localhost is available. Note that the implicit localhost does not match 'all'

PLAY [localhost] ****************************************************************************************************************************************************************************************************

TASK [Gathering Facts] **********************************************************************************************************************************************************************************************
ok: [localhost]

TASK [openbox : check updates] **************************************************************************************************************************************************************************************
ok: [localhost]

TASK [openbox : include_tasks] **************************************************************************************************************************************************************************************
included: /root/ansible-arch-openbox-setup/roles/openbox/tasks/user.yml for localhost

TASK [openbox : add "nka700" user] **********************************************************************************************************************************************************************************
changed: [localhost]

TASK [openbox : add "nka700" user  to sudoers] **********************************************************************************************************************************************************************
ok: [localhost]

TASK [openbox : include_tasks] **************************************************************************************************************************************************************************************
included: /root/ansible-arch-openbox-setup/roles/openbox/tasks/pacman.yml for localhost

TASK [openbox : Enable pacman colourised output and verbose package lists] ******************************************************************************************************************************************
ok: [localhost] => (item={'regexp': '^#Color$', 'replace': 'Color'})
ok: [localhost] => (item={'regexp': '^#VerbosePkgLists$', 'replace': 'VerbosePkgLists'})

TASK [openbox : Enable repositories] ********************************************************************************************************************************************************************************
skipping: [localhost]

TASK [openbox : Ignore 'modified' group] ****************************************************************************************************************************************************************************
ok: [localhost]

TASK [openbox : include_tasks] **************************************************************************************************************************************************************************************
included: /root/ansible-arch-openbox-setup/roles/openbox/tasks/core-apps.yml for localhost

TASK [openbox : install basic utils, shells, apps] ******************************************************************************************************************************************************************
ok: [localhost]

TASK [openbox : Install archival utils] *****************************************************************************************************************************************************************************
ok: [localhost]

TASK [openbox : Install download utils] *****************************************************************************************************************************************************************************
ok: [localhost]

TASK [openbox : Install extra packages] *****************************************************************************************************************************************************************************
ok: [localhost]

TASK [openbox : Install python packages] ****************************************************************************************************************************************************************************
ok: [localhost]

TASK [openbox : enable sshd] ****************************************************************************************************************************************************************************************
ok: [localhost]

TASK [openbox : enable docker] **************************************************************************************************************************************************************************************
changed: [localhost]

TASK [openbox : include_tasks] **************************************************************************************************************************************************************************************
included: /root/ansible-arch-openbox-setup/roles/openbox/tasks/zsh.yml for localhost

TASK [openbox : install zsh] ****************************************************************************************************************************************************************************************
changed: [localhost]

TASK [openbox : change "nka700" shell to zsh] ***********************************************************************************************************************************************************************
[WARNING]: 'append' is set, but no 'groups' are specified. Use 'groups' for appending new groups.This will change to an error in Ansible 2.14.
changed: [localhost]

TASK [openbox : Stat zplug] *****************************************************************************************************************************************************************************************
[WARNING]: Module remote_tmp /home/nka700/.ansible/tmp did not exist and was created with a mode of 0700, this may cause issues when running as another user. To avoid this, create the remote_tmp dir with the
correct permissions manually
ok: [localhost]

TASK [openbox : Install zplug for users] ****************************************************************************************************************************************************************************
changed: [localhost]

TASK [openbox : include_tasks] **************************************************************************************************************************************************************************************
included: /root/ansible-arch-openbox-setup/roles/openbox/tasks/openbox.yml for localhost

TASK [openbox : install openbox] ************************************************************************************************************************************************************************************
changed: [localhost]

TASK [openbox : enable lightdm] *************************************************************************************************************************************************************************************
changed: [localhost]

TASK [openbox : include_tasks] **************************************************************************************************************************************************************************************
included: /root/ansible-arch-openbox-setup/roles/openbox/tasks/chromium.yml for localhost

TASK [openbox : install Chromium] ***********************************************************************************************************************************************************************************


changed: [localhost]

TASK [openbox : include_tasks] **************************************************************************************************************************************************************************************
included: /root/ansible-arch-openbox-setup/roles/openbox/tasks/terminal_browsers.yml for localhost

TASK [openbox : install term browsers] ******************************************************************************************************************************************************************************
changed: [localhost]

TASK [openbox : include_tasks] **************************************************************************************************************************************************************************************
included: /root/ansible-arch-openbox-setup/roles/openbox/tasks/aur.yml for localhost

TASK [openbox : Stat paru] ******************************************************************************************************************************************************************************************
ok: [localhost]

TASK [openbox : Install paru for users_1] ***************************************************************************************************************************************************************************
changed: [localhost]

TASK [openbox : Install paru for users_2] ***************************************************************************************************************************************************************************

We trust you have received the usual lecture from the local System
Administrator. It usually boils down to these three things:

    #1) Respect the privacy of others.
    #2) Think before you type.
    #3) With great power comes great responsibility.

[sudo] password for nka700: 
Sorry, try again.
[sudo] password for nka700: 


[sudo] password for nka700: 
Sorry, try again.
[sudo] password for nka700: 
fatal: [localhost]: FAILED! => {"changed": true, "cmd": "makepkg -si --noconfirm", "delta": "0:18:11.579874", "end": "2022-10-04 07:30:17.458051", "msg": "non-zero return code", "rc": 14, "start": "2022-10-04 07:12:05.878177", "stderr": "  % Total    % Received % Xferd  Average Speed   Time    Time     Time  Current\n                                 Dload  Upload   Total   Spent    Left  Speed\n\r  0     0    0     0    0     0      0      0 --:--:-- --:--:-- --:--:--     0\r  0     0    0     0    0     0      0      0 --:--:-- --:--:-- --:--:--     0\r  0     0    0     0    0     0      0      0 --:--:--  0:00:01 --:--:--     0\r  0     0    0     0    0     0      0      0 --:--:--  0:00:02 --:--:--     0\r  0     0    0     0    0     0      0      0 --:--:--  0:00:03 --:--:--     0\r  0     0    0     0    0     0      0      0 --:--:--  0:00:04 --:--:--     0\r  0     0    0     0    0     0      0      0 --:--:--  0:00:05 --:--:--     0\r  0     0    0     0    0     0      0      0 --:--:--  0:00:06 --:--:--     0\r  0     0    0     0    0     0      0      0 --:--:--  0:00:07 --:--:--     0\r  0     0    0     0    0     0      0      0 --:--:--  0:00:08 --:--:--     0\r  0     0    0     0    0     0      0      0 --:--:--  0:00:09 --:--:--     0\r  0     0    0     0    0     0      0      0 --:--:--  0:00:10 --:--:--     0\r  0     0    0     0    0     0      0      0 --:--:--  0:00:11 --:--:--     0\r  0     0    0     0    0     0      0      0 --:--:--  0:00:12 --:--:--     0\r  0     0    0     0    0     0      0      0 --:--:--  0:00:13 --:--:--     0\r  0     0    0     0    0     0      0      0 --:--:--  0:00:14 --:--:--     0\r  0     0    0     0    0     0      0      0 --:--:--  0:00:15 --:--:--     0\n\r  0     0    0     0    0     0      0      0 --:--:--  0:00:15 --:--:--     0\r  0     0    0     0    0     0      0      0 --:--:--  0:00:16 --:--:--     0\r  0     0    0     0    0     0      0      0 --:--:--  0:00:17 --:--:--     0\r  0     0    0     0    0     0      0      0 --:--:--  0:00:18 --:--:--     0\r  0     0    0     0    0     0      0      0 --:--:--  0:00:19 --:--:--     0\r  0     0    0     0    0     0      0      0 --:--:--  0:00:20 --:--:--     0\r  0     0    0     0    0     0      0      0 --:--:--  0:00:21 --:--:--     0\r  0     0    0     0    0     0      0      0 --:--:--  0:00:22 --:--:--     0\r  0     0    0     0    0     0      0      0 --:--:--  0:00:23 --:--:--     0\r  0     0    0     0    0     0      0      0 --:--:--  0:00:24 --:--:--     0\r  0     0    0     0    0     0      0      0 --:--:--  0:00:25 --:--:--     0\r  0     0    0     0    0     0      0      0 --:--:--  0:00:26 --:--:--     0\r  0     0    0     0    0     0      0      0 --:--:--  0:00:27 --:--:--     0\r  0     0    0     0    0     0      0      0 --:--:--  0:00:28 --:--:--     0\r  0     0    0     0    0     0      0      0 --:--:--  0:00:29 --:--:--     0\r  0     0    0     0    0     0      0      0 --:--:--  0:00:30 --:--:--     0\r100 1308k    0 1308k    0     0  42610      0 --:--:--  0:00:31 --:--:--  265k\r100 3542k    0 3542k    0     0   109k      0 --:--:--  0:00:32 --:--:--  722k\r100 5977k    0 5977k    0     0   178k      0 --:--:--  0:00:33 --:--:-- 1220k\r100 6506k    0 6506k    0     0   187k      0 --:--:--  0:00:34 --:--:-- 1247k\r100 6506k    0 6506k    0     0   182k      0 --:--:--  0:00:35 --:--:-- 1224k\r100 6507k    0 6507k    0     0   177k      0 --:--:--  0:00:36 --:--:--  996k\r100 6825k    0 6825k    0     0   179k      0 --:--:--  0:00:38 --:--:--  585k\r100 6825k    0 6825k    0     0   174k      0 --:--:--  0:00:39 --:--:--  150k\r100 6825k    0 6825k    0     0   170k      0 --:--:--  0:00:40 --:--:-- 61570\r100 6825k    0 6825k    0     0   166k      0 --:--:--  0:00:41 --:--:-- 61570\r100 6826k    0 6826k    0     0   164k      0 --:--:--  0:00:41 --:--:-- 66497\r100 7428k    0 7428k    0     0   173k      0 --:--:--  0:00:42 --:--:--  125k\r100 7922k    0 7922k    0     0   183k      0 --:--:--  0:00:43 --:--:--  260k\n    paru-1.11.1.tar.gz ... Passed\n    Updating crates.io index\n Downloading crates ...\n  Downloaded futf v0.1.5\n  Downloaded phf_generator v0.8.0\n  Downloaded hashbrown v0.12.1\n  Downloaded nix v0.23.1\n  Downloaded alpm-utils v1.1.2\n  Downloaded cini v0.1.1\n  Downloaded async-trait v0.1.56\n  Downloaded alpm v2.2.1\n  Downloaded anyhow v1.0.58\n  Downloaded aur-depends v1.0.3\n  Downloaded cssparser v0.27.2\n  Downloaded tower-service v0.3.2\n  Downloaded dirs-sys v0.3.7\n  Downloaded cssparser-macros v0.6.0\n  Downloaded flate2 v1.0.24\n  Downloaded globset v0.4.9\n  Downloaded gettext-rs v0.5.0\n  Downloaded url v2.2.2\n  Downloaded phf_shared v0.10.0\n  Downloaded scopeguard v1.1.0\n  Downloaded tokio-socks v0.5.1\n  Downloaded http v0.2.8\n  Downloaded httparse v1.7.1\n  Downloaded number_prefix v0.4.0\n  Downloaded html5ever v0.25.2\n  Downloaded rss v2.0.1\n  Downloaded futures-io v0.3.21\n  Downloaded native-tls v0.2.10\n  Downloaded lazy_static v1.4.0\n  Downloaded cfg-if v1.0.0\n  Downloaded atty v0.2.14\n  Downloaded byteorder v1.4.3\n  Downloaded adler v1.0.2\n  Downloaded getrandom v0.1.16\n  Downloaded tracing v0.1.35\n  Downloaded unicode-width v0.1.9\n  Downloaded rustc_version v0.4.0\n  Downloaded getrandom v0.2.7\n  Downloaded bytes v1.1.0\n  Downloaded ryu v1.0.10\n  Downloaded siphasher v0.3.10\n  Downloaded dtoa-short v0.3.3\n  Downloaded convert_case v0.4.0\n  Downloaded base64 v0.13.0\n  Downloaded fnv v1.0.7\n  Downloaded console v0.15.0\n  Downloaded fastrand v1.7.0\n  Downloaded miniz_oxide v0.5.3\n  Downloaded futures-core v0.3.21\n  Downloaded num-integer v0.1.45\n  Downloaded socket2 v0.4.4\n  Downloaded pkg-config v0.3.25\n  Downloaded env_logger v0.9.0\n  Downloaded rand_core v0.6.3\n  Downloaded alpm-sys v2.1.2\n  Downloaded serde v1.0.137\n  Downloaded log v0.4.17\n  Downloaded memchr v2.5.0\n  Downloaded tinyvec_macros v0.1.0\n  Downloaded servo_arc v0.1.1\n  Downloaded serde_json v1.0.81\n  Downloaded signal-hook v0.3.14\n  Downloaded string_cache v0.8.4\n  Downloaded string_cache_codegen v0.5.2\n  Downloaded idna v0.2.3\n  Downloaded term_size v0.3.2\n  Downloaded tinyvec v1.6.0\n  Downloaded tempfile v3.3.0\n  Downloaded tendril v0.4.3\n  Downloaded tokio-util v0.7.3\n  Downloaded precomputed-hash v0.1.1\n  Downloaded tokio-native-tls v0.3.0\n  Downloaded tr v0.1.6\n  Downloaded want v0.3.0\n  Downloaded try-lock v0.2.3\n  Downloaded terminal_size v0.1.17\n  Downloaded stable_deref_trait v1.2.0\n  Downloaded thiserror v1.0.31\n  Downloaded selectors v0.22.0\n  Downloaded rand v0.8.5\n  Downloaded rand_pcg v0.2.1\n  Downloaded quick-xml v0.22.0\n  Downloaded termcolor v1.1.3\n  Downloaded tracing-core v0.1.28\n  Downloaded slab v0.4.6\n  Downloaded thiserror-impl v1.0.31\n  Downloaded openssl-sys v0.9.74\n  Downloaded smallvec v1.8.1\n  Downloaded nodrop v0.1.14\n  Downloaded new_debug_unreachable v1.0.4\n  Downloaded bitflags v1.3.2\n  Downloaded kuchiki v0.8.1\n  Downloaded unicode-ident v1.0.1\n  Downloaded markup5ever v0.10.1\n  Downloaded aur-fetch v0.10.0\n  Downloaded futures-channel v0.3.21\n  Downloaded srcinfo v1.0.0\n  Downloaded unicode-bidi v0.3.8\n  Downloaded hyper-tls v0.5.0\n  Downloaded futures-macro v0.3.21\n  Downloaded percent-encoding v2.1.0\n  Downloaded h2 v0.3.13\n  Downloaded form_urlencoded v1.0.1\n  Downloaded openssl-probe v0.1.5\n  Downloaded lock_api v0.4.7\n  Downloaded num-traits v0.2.15\n  Downloaded pin-project-lite v0.2.9\n  Downloaded matches v0.1.9\n  Downloaded futures v0.3.21\n  Downloaded indexmap v1.9.1\n  Downloaded ppv-lite86 v0.2.16\n  Downloaded proc-macro-hack v0.5.19\n  Downloaded rand_chacha v0.3.1\n  Downloaded syn v1.0.98\n  Downloaded unicode-normalization v0.1.20\n  Downloaded phf_codegen v0.8.0\n  Downloaded openssl v0.10.40\n  Downloaded phf v0.8.0\n  Downloaded locale_config v0.3.0\n  Downloaded ipnet v2.5.0\n  Downloaded once_cell v1.12.0\n  Downloaded openssl-macros v0.1.0\n  Downloaded serde_derive v1.0.137\n  Downloaded time v0.1.44\n  Downloaded proc-macro2 v1.0.40\n  Downloaded cc v1.0.73\n  Downloaded autocfg v1.1.0\n  Downloaded semver v1.0.10\n  Downloaded parking_lot v0.12.1\n  Downloaded remove_dir_all v0.5.3\n  Downloaded async-compression v0.3.14\n  Downloaded rand_core v0.5.1\n  Downloaded serde_urlencoded v0.7.1\n  Downloaded parking_lot_core v0.9.3\n  Downloaded derive_more v0.99.17\n  Downloaded chrono v0.4.19\n  Downloaded cini v1.0.0\n  Downloaded crc32fast v1.3.2\n  Downloaded http-body v0.4.5\n  Downloaded foreign-types v0.3.2\n  Downloaded dirs v4.0.0\n  Downloaded reqwest v0.11.11\n  Downloaded rand v0.7.3\n  Downloaded phf_macros v0.8.0\n  Downloaded dtoa v0.4.8\n  Downloaded phf_shared v0.8.0\n  Downloaded pacmanconf v1.0.0\n  Downloaded hyper v0.14.19\n  Downloaded regex v1.5.6\n  Downloaded raur v5.0.1\n  Downloaded num_cpus v1.13.1\n  Downloaded phf_generator v0.10.0\n  Downloaded indicatif v0.16.2\n  Downloaded either v1.6.1\n  Downloaded httpdate v1.0.2\n  Downloaded memoffset v0.6.5\n  Downloaded futures-task v0.3.21\n  Downloaded humantime v2.1.0\n  Downloaded futures-sink v0.3.21\n  Downloaded futures-executor v0.3.21\n  Downloaded ansi_term v0.12.1\n  Downloaded itoa v1.0.2\n  Downloaded itoa v0.4.8\n  Downloaded quote v1.0.20\n  Downloaded pin-utils v0.1.0\n  Downloaded futures-util v0.3.21\n  Downloaded thin-slice v0.1.1\n  Downloaded smart-default v0.6.0\n  Downloaded signal-hook-registry v1.4.0\n  Downloaded fxhash v0.2.1\n  Downloaded aho-corasick v0.7.18\n  Downloaded mac v0.1.1\n  Downloaded mime v0.3.16\n  Downloaded mio v0.8.4\n  Downloaded tokio v1.19.2\n  Downloaded rand_chacha v0.2.2\n  Downloaded htmlescape v0.3.1\n  Downloaded utf-8 v0.7.6\n  Downloaded foreign-types-shared v0.1.1\n  Downloaded tokio-macros v1.8.0\n  Downloaded libc v0.2.126\n  Downloaded bstr v0.2.17\n  Downloaded regex-syntax v0.6.26\n  Downloaded encoding_rs v0.8.31\n  Downloaded gettext-sys v0.19.9\n   Compiling proc-macro2 v1.0.40\n   Compiling quote v1.0.20\n   Compiling unicode-ident v1.0.1\n   Compiling syn v1.0.98\n   Compiling libc v0.2.126\n   Compiling autocfg v1.1.0\n   Compiling cfg-if v1.0.0\n   Compiling memchr v2.5.0\n   Compiling log v0.4.17\n   Compiling once_cell v1.12.0\n   Compiling pkg-config v0.3.25\n   Compiling getrandom v0.1.16\n   Compiling ppv-lite86 v0.2.16\n   Compiling siphasher v0.3.10\n   Compiling cc v1.0.73\n   Compiling pin-project-lite v0.2.9\n   Compiling futures-core v0.3.21\n   Compiling bytes v1.1.0\n   Compiling futures-channel v0.3.21\n   Compiling futures-sink v0.3.21\n   Compiling futures-task v0.3.21\n   Compiling serde_derive v1.0.137\n   Compiling bitflags v1.3.2\n   Compiling futures-util v0.3.21\n   Compiling futures-io v0.3.21\n   Compiling serde v1.0.137\n   Compiling slab v0.4.6\n   Compiling matches v0.1.9\n   Compiling pin-utils v0.1.0\n   Compiling itoa v1.0.2\n   Compiling fnv v1.0.7\n   Compiling proc-macro-hack v0.5.19\n   Compiling foreign-types-shared v0.1.1\n   Compiling smallvec v1.8.1\n   Compiling tinyvec_macros v0.1.0\n   Compiling openssl v0.10.40\n   Compiling native-tls v0.2.10\n   Compiling regex-syntax v0.6.26\n   Compiling percent-encoding v2.1.0\n   Compiling crc32fast v1.3.2\n   Compiling httparse v1.7.1\n   Compiling parking_lot_core v0.9.3\n   Compiling encoding_rs v0.8.31\n   Compiling hashbrown v0.12.1\n   Compiling lazy_static v1.4.0\n   Compiling scopeguard v1.1.0\n   Compiling adler v1.0.2\n   Compiling try-lock v0.2.3\n   Compiling new_debug_unreachable v1.0.4\n   Compiling unicode-bidi v0.3.8\n   Compiling openssl-probe v0.1.5\n   Compiling httpdate v1.0.2\n   Compiling tower-service v0.3.2\n   Compiling precomputed-hash v0.1.1\n   Compiling ryu v1.0.10\n   Compiling mac v0.1.1\n   Compiling serde_json v1.0.81\n   Compiling utf-8 v0.7.6\n   Compiling dtoa v0.4.8\n   Compiling async-trait v0.1.56\n   Compiling either v1.6.1\n   Compiling cini v0.1.1\n   Compiling nodrop v0.1.14\n   Compiling itoa v0.4.8\n   Compiling ipnet v2.5.0\n   Compiling byteorder v1.4.3\n   Compiling mime v0.3.16\n   Compiling convert_case v0.4.0\n   Compiling base64 v0.13.0\n   Compiling stable_deref_trait v1.2.0\n   Compiling anyhow v1.0.58\n   Compiling signal-hook v0.3.14\n   Compiling remove_dir_all v0.5.3\n   Compiling fastrand v1.7.0\n   Compiling thin-slice v0.1.1\n   Compiling humantime v2.1.0\n   Compiling number_prefix v0.4.0\n   Compiling termcolor v1.1.3\n   Compiling ansi_term v0.12.1\n   Compiling unicode-width v0.1.9\n   Compiling htmlescape v0.3.1\n   Compiling srcinfo v1.0.0\n   Compiling cini v1.0.0\n   Compiling tracing-core v0.1.28\n   Compiling indexmap v1.9.1\n   Compiling lock_api v0.4.7\n   Compiling num-traits v0.2.15\n   Compiling num-integer v0.1.45\n   Compiling memoffset v0.6.5\n   Compiling phf_shared v0.8.0\n   Compiling phf_shared v0.10.0\n   Compiling alpm-sys v2.1.2\n   Compiling http v0.2.8\n   Compiling foreign-types v0.3.2\n   Compiling openssl-sys v0.9.74\n   Compiling gettext-sys v0.19.9\n   Compiling tinyvec v1.6.0\n   Compiling form_urlencoded v1.0.1\n   Compiling miniz_oxide v0.5.3\n   Compiling futf v0.1.5\n   Compiling dtoa-short v0.3.3\n   Compiling pacmanconf v1.0.0\n   Compiling fxhash v0.2.1\n   Compiling servo_arc v0.1.1\n   Compiling tracing v0.1.35\n   Compiling http-body v0.4.5\n   Compiling unicode-normalization v0.1.20\n   Compiling tendril v0.4.3\n   Compiling want v0.3.0\n   Compiling aho-corasick v0.7.18\n   Compiling bstr v0.2.17\n   Compiling getrandom v0.2.7\n   Compiling signal-hook-registry v1.4.0\n   Compiling mio v0.8.4\n   Compiling num_cpus v1.13.1\n   Compiling socket2 v0.4.4\n   Compiling terminal_size v0.1.17\n   Compiling tempfile v3.3.0\n   Compiling dirs-sys v0.3.7\n   Compiling time v0.1.44\n   Compiling atty v0.2.14\n   Compiling term_size v0.3.2\n   Compiling flate2 v1.0.24\n   Compiling idna v0.2.3\n   Compiling quick-xml v0.22.0\n   Compiling rand_core v0.5.1\n   Compiling regex v1.5.6\n   Compiling rand_core v0.6.3\n   Compiling console v0.15.0\n   Compiling parking_lot v0.12.1\n   Compiling dirs v4.0.0\n   Compiling nix v0.23.1\n   Compiling alpm v2.2.1\n   Compiling url v2.2.2\n   Compiling rand_chacha v0.2.2\n   Compiling rand_pcg v0.2.1\n   Compiling rss v2.0.1\n   Compiling rand_chacha v0.3.1\n   Compiling locale_config v0.3.0\n   Compiling env_logger v0.9.0\n   Compiling globset v0.4.9\n   Compiling indicatif v0.16.2\n   Compiling chrono v0.4.19\n   Compiling rand v0.7.3\n   Compiling rand v0.8.5\n   Compiling gettext-rs v0.5.0\n   Compiling tokio-macros v1.8.0\n   Compiling futures-macro v0.3.21\n   Compiling openssl-macros v0.1.0\n   Compiling thiserror-impl v1.0.31\n   Compiling cssparser v0.27.2\n   Compiling cssparser-macros v0.6.0\n   Compiling html5ever v0.25.2\n   Compiling derive_more v0.99.17\n   Compiling smart-default v0.6.0\n   Compiling phf_generator v0.8.0\n   Compiling tr v0.1.6\n   Compiling phf_generator v0.10.0\n   Compiling tokio v1.19.2\n   Compiling thiserror v1.0.31\n   Compiling phf_codegen v0.8.0\n   Compiling phf_macros v0.8.0\n   Compiling alpm-utils v1.1.2\n   Compiling string_cache_codegen v0.5.2\n   Compiling futures-executor v0.3.21\n   Compiling tokio-util v0.7.3\n   Compiling tokio-socks v0.5.1\n   Compiling async-compression v0.3.14\n   Compiling selectors v0.22.0\n   Compiling phf v0.8.0\n   Compiling futures v0.3.21\n   Compiling tokio-native-tls v0.3.0\n   Compiling markup5ever v0.10.1\n   Compiling h2 v0.3.13\n   Compiling string_cache v0.8.4\n   Compiling serde_urlencoded v0.7.1\n   Compiling aur-fetch v0.10.0\n   Compiling hyper v0.14.19\n   Compiling hyper-tls v0.5.0\n   Compiling reqwest v0.11.11\n   Compiling raur v5.0.1\n   Compiling kuchiki v0.8.1\n   Compiling aur-depends v1.0.3\n   Compiling paru v1.11.1 (/home/nka700/paru/src/paru-1.11.1)\n    Finished release [optimized] target(s) in 9m 07s\n==> WARNING: Package contains reference to $srcdir\nusr/bin/paru\nsudo: timed out reading password\nsudo: 1 incorrect password attempt\n==> WARNING: Failed to install built package(s).", "stderr_lines": ["  % Total    % Received % Xferd  Average Speed   Time    Time     Time  Current", "                                 Dload  Upload   Total   Spent    Left  Speed", "", "  0     0    0     0    0     0      0      0 --:--:-- --:--:-- --:--:--     0", "  0     0    0     0    0     0      0      0 --:--:-- --:--:-- --:--:--     0", "  0     0    0     0    0     0      0      0 --:--:--  0:00:01 --:--:--     0", "  0     0    0     0    0     0      0      0 --:--:--  0:00:02 --:--:--     0", "  0     0    0     0    0     0      0      0 --:--:--  0:00:03 --:--:--     0", "  0     0    0     0    0     0      0      0 --:--:--  0:00:04 --:--:--     0", "  0     0    0     0    0     0      0      0 --:--:--  0:00:05 --:--:--     0", "  0     0    0     0    0     0      0      0 --:--:--  0:00:06 --:--:--     0", "  0     0    0     0    0     0      0      0 --:--:--  0:00:07 --:--:--     0", "  0     0    0     0    0     0      0      0 --:--:--  0:00:08 --:--:--     0", "  0     0    0     0    0     0      0      0 --:--:--  0:00:09 --:--:--     0", "  0     0    0     0    0     0      0      0 --:--:--  0:00:10 --:--:--     0", "  0     0    0     0    0     0      0      0 --:--:--  0:00:11 --:--:--     0", "  0     0    0     0    0     0      0      0 --:--:--  0:00:12 --:--:--     0", "  0     0    0     0    0     0      0      0 --:--:--  0:00:13 --:--:--     0", "  0     0    0     0    0     0      0      0 --:--:--  0:00:14 --:--:--     0", "  0     0    0     0    0     0      0      0 --:--:--  0:00:15 --:--:--     0", "", "  0     0    0     0    0     0      0      0 --:--:--  0:00:15 --:--:--     0", "  0     0    0     0    0     0      0      0 --:--:--  0:00:16 --:--:--     0", "  0     0    0     0    0     0      0      0 --:--:--  0:00:17 --:--:--     0", "  0     0    0     0    0     0      0      0 --:--:--  0:00:18 --:--:--     0", "  0     0    0     0    0     0      0      0 --:--:--  0:00:19 --:--:--     0", "  0     0    0     0    0     0      0      0 --:--:--  0:00:20 --:--:--     0", "  0     0    0     0    0     0      0      0 --:--:--  0:00:21 --:--:--     0", "  0     0    0     0    0     0      0      0 --:--:--  0:00:22 --:--:--     0", "  0     0    0     0    0     0      0      0 --:--:--  0:00:23 --:--:--     0", "  0     0    0     0    0     0      0      0 --:--:--  0:00:24 --:--:--     0", "  0     0    0     0    0     0      0      0 --:--:--  0:00:25 --:--:--     0", "  0     0    0     0    0     0      0      0 --:--:--  0:00:26 --:--:--     0", "  0     0    0     0    0     0      0      0 --:--:--  0:00:27 --:--:--     0", "  0     0    0     0    0     0      0      0 --:--:--  0:00:28 --:--:--     0", "  0     0    0     0    0     0      0      0 --:--:--  0:00:29 --:--:--     0", "  0     0    0     0    0     0      0      0 --:--:--  0:00:30 --:--:--     0", "100 1308k    0 1308k    0     0  42610      0 --:--:--  0:00:31 --:--:--  265k", "100 3542k    0 3542k    0     0   109k      0 --:--:--  0:00:32 --:--:--  722k", "100 5977k    0 5977k    0     0   178k      0 --:--:--  0:00:33 --:--:-- 1220k", "100 6506k    0 6506k    0     0   187k      0 --:--:--  0:00:34 --:--:-- 1247k", "100 6506k    0 6506k    0     0   182k      0 --:--:--  0:00:35 --:--:-- 1224k", "100 6507k    0 6507k    0     0   177k      0 --:--:--  0:00:36 --:--:--  996k", "100 6825k    0 6825k    0     0   179k      0 --:--:--  0:00:38 --:--:--  585k", "100 6825k    0 6825k    0     0   174k      0 --:--:--  0:00:39 --:--:--  150k", "100 6825k    0 6825k    0     0   170k      0 --:--:--  0:00:40 --:--:-- 61570", "100 6825k    0 6825k    0     0   166k      0 --:--:--  0:00:41 --:--:-- 61570", "100 6826k    0 6826k    0     0   164k      0 --:--:--  0:00:41 --:--:-- 66497", "100 7428k    0 7428k    0     0   173k      0 --:--:--  0:00:42 --:--:--  125k", "100 7922k    0 7922k    0     0   183k      0 --:--:--  0:00:43 --:--:--  260k", "    paru-1.11.1.tar.gz ... Passed", "    Updating crates.io index", " Downloading crates ...", "  Downloaded futf v0.1.5", "  Downloaded phf_generator v0.8.0", "  Downloaded hashbrown v0.12.1", "  Downloaded nix v0.23.1", "  Downloaded alpm-utils v1.1.2", "  Downloaded cini v0.1.1", "  Downloaded async-trait v0.1.56", "  Downloaded alpm v2.2.1", "  Downloaded anyhow v1.0.58", "  Downloaded aur-depends v1.0.3", "  Downloaded cssparser v0.27.2", "  Downloaded tower-service v0.3.2", "  Downloaded dirs-sys v0.3.7", "  Downloaded cssparser-macros v0.6.0", "  Downloaded flate2 v1.0.24", "  Downloaded globset v0.4.9", "  Downloaded gettext-rs v0.5.0", "  Downloaded url v2.2.2", "  Downloaded phf_shared v0.10.0", "  Downloaded scopeguard v1.1.0", "  Downloaded tokio-socks v0.5.1", "  Downloaded http v0.2.8", "  Downloaded httparse v1.7.1", "  Downloaded number_prefix v0.4.0", "  Downloaded html5ever v0.25.2", "  Downloaded rss v2.0.1", "  Downloaded futures-io v0.3.21", "  Downloaded native-tls v0.2.10", "  Downloaded lazy_static v1.4.0", "  Downloaded cfg-if v1.0.0", "  Downloaded atty v0.2.14", "  Downloaded byteorder v1.4.3", "  Downloaded adler v1.0.2", "  Downloaded getrandom v0.1.16", "  Downloaded tracing v0.1.35", "  Downloaded unicode-width v0.1.9", "  Downloaded rustc_version v0.4.0", "  Downloaded getrandom v0.2.7", "  Downloaded bytes v1.1.0", "  Downloaded ryu v1.0.10", "  Downloaded siphasher v0.3.10", "  Downloaded dtoa-short v0.3.3", "  Downloaded convert_case v0.4.0", "  Downloaded base64 v0.13.0", "  Downloaded fnv v1.0.7", "  Downloaded console v0.15.0", "  Downloaded fastrand v1.7.0", "  Downloaded miniz_oxide v0.5.3", "  Downloaded futures-core v0.3.21", "  Downloaded num-integer v0.1.45", "  Downloaded socket2 v0.4.4", "  Downloaded pkg-config v0.3.25", "  Downloaded env_logger v0.9.0", "  Downloaded rand_core v0.6.3", "  Downloaded alpm-sys v2.1.2", "  Downloaded serde v1.0.137", "  Downloaded log v0.4.17", "  Downloaded memchr v2.5.0", "  Downloaded tinyvec_macros v0.1.0", "  Downloaded servo_arc v0.1.1", "  Downloaded serde_json v1.0.81", "  Downloaded signal-hook v0.3.14", "  Downloaded string_cache v0.8.4", "  Downloaded string_cache_codegen v0.5.2", "  Downloaded idna v0.2.3", "  Downloaded term_size v0.3.2", "  Downloaded tinyvec v1.6.0", "  Downloaded tempfile v3.3.0", "  Downloaded tendril v0.4.3", "  Downloaded tokio-util v0.7.3", "  Downloaded precomputed-hash v0.1.1", "  Downloaded tokio-native-tls v0.3.0", "  Downloaded tr v0.1.6", "  Downloaded want v0.3.0", "  Downloaded try-lock v0.2.3", "  Downloaded terminal_size v0.1.17", "  Downloaded stable_deref_trait v1.2.0", "  Downloaded thiserror v1.0.31", "  Downloaded selectors v0.22.0", "  Downloaded rand v0.8.5", "  Downloaded rand_pcg v0.2.1", "  Downloaded quick-xml v0.22.0", "  Downloaded termcolor v1.1.3", "  Downloaded tracing-core v0.1.28", "  Downloaded slab v0.4.6", "  Downloaded thiserror-impl v1.0.31", "  Downloaded openssl-sys v0.9.74", "  Downloaded smallvec v1.8.1", "  Downloaded nodrop v0.1.14", "  Downloaded new_debug_unreachable v1.0.4", "  Downloaded bitflags v1.3.2", "  Downloaded kuchiki v0.8.1", "  Downloaded unicode-ident v1.0.1", "  Downloaded markup5ever v0.10.1", "  Downloaded aur-fetch v0.10.0", "  Downloaded futures-channel v0.3.21", "  Downloaded srcinfo v1.0.0", "  Downloaded unicode-bidi v0.3.8", "  Downloaded hyper-tls v0.5.0", "  Downloaded futures-macro v0.3.21", "  Downloaded percent-encoding v2.1.0", "  Downloaded h2 v0.3.13", "  Downloaded form_urlencoded v1.0.1", "  Downloaded openssl-probe v0.1.5", "  Downloaded lock_api v0.4.7", "  Downloaded num-traits v0.2.15", "  Downloaded pin-project-lite v0.2.9", "  Downloaded matches v0.1.9", "  Downloaded futures v0.3.21", "  Downloaded indexmap v1.9.1", "  Downloaded ppv-lite86 v0.2.16", "  Downloaded proc-macro-hack v0.5.19", "  Downloaded rand_chacha v0.3.1", "  Downloaded syn v1.0.98", "  Downloaded unicode-normalization v0.1.20", "  Downloaded phf_codegen v0.8.0", "  Downloaded openssl v0.10.40", "  Downloaded phf v0.8.0", "  Downloaded locale_config v0.3.0", "  Downloaded ipnet v2.5.0", "  Downloaded once_cell v1.12.0", "  Downloaded openssl-macros v0.1.0", "  Downloaded serde_derive v1.0.137", "  Downloaded time v0.1.44", "  Downloaded proc-macro2 v1.0.40", "  Downloaded cc v1.0.73", "  Downloaded autocfg v1.1.0", "  Downloaded semver v1.0.10", "  Downloaded parking_lot v0.12.1", "  Downloaded remove_dir_all v0.5.3", "  Downloaded async-compression v0.3.14", "  Downloaded rand_core v0.5.1", "  Downloaded serde_urlencoded v0.7.1", "  Downloaded parking_lot_core v0.9.3", "  Downloaded derive_more v0.99.17", "  Downloaded chrono v0.4.19", "  Downloaded cini v1.0.0", "  Downloaded crc32fast v1.3.2", "  Downloaded http-body v0.4.5", "  Downloaded foreign-types v0.3.2", "  Downloaded dirs v4.0.0", "  Downloaded reqwest v0.11.11", "  Downloaded rand v0.7.3", "  Downloaded phf_macros v0.8.0", "  Downloaded dtoa v0.4.8", "  Downloaded phf_shared v0.8.0", "  Downloaded pacmanconf v1.0.0", "  Downloaded hyper v0.14.19", "  Downloaded regex v1.5.6", "  Downloaded raur v5.0.1", "  Downloaded num_cpus v1.13.1", "  Downloaded phf_generator v0.10.0", "  Downloaded indicatif v0.16.2", "  Downloaded either v1.6.1", "  Downloaded httpdate v1.0.2", "  Downloaded memoffset v0.6.5", "  Downloaded futures-task v0.3.21", "  Downloaded humantime v2.1.0", "  Downloaded futures-sink v0.3.21", "  Downloaded futures-executor v0.3.21", "  Downloaded ansi_term v0.12.1", "  Downloaded itoa v1.0.2", "  Downloaded itoa v0.4.8", "  Downloaded quote v1.0.20", "  Downloaded pin-utils v0.1.0", "  Downloaded futures-util v0.3.21", "  Downloaded thin-slice v0.1.1", "  Downloaded smart-default v0.6.0", "  Downloaded signal-hook-registry v1.4.0", "  Downloaded fxhash v0.2.1", "  Downloaded aho-corasick v0.7.18", "  Downloaded mac v0.1.1", "  Downloaded mime v0.3.16", "  Downloaded mio v0.8.4", "  Downloaded tokio v1.19.2", "  Downloaded rand_chacha v0.2.2", "  Downloaded htmlescape v0.3.1", "  Downloaded utf-8 v0.7.6", "  Downloaded foreign-types-shared v0.1.1", "  Downloaded tokio-macros v1.8.0", "  Downloaded libc v0.2.126", "  Downloaded bstr v0.2.17", "  Downloaded regex-syntax v0.6.26", "  Downloaded encoding_rs v0.8.31", "  Downloaded gettext-sys v0.19.9", "   Compiling proc-macro2 v1.0.40", "   Compiling quote v1.0.20", "   Compiling unicode-ident v1.0.1", "   Compiling syn v1.0.98", "   Compiling libc v0.2.126", "   Compiling autocfg v1.1.0", "   Compiling cfg-if v1.0.0", "   Compiling memchr v2.5.0", "   Compiling log v0.4.17", "   Compiling once_cell v1.12.0", "   Compiling pkg-config v0.3.25", "   Compiling getrandom v0.1.16", "   Compiling ppv-lite86 v0.2.16", "   Compiling siphasher v0.3.10", "   Compiling cc v1.0.73", "   Compiling pin-project-lite v0.2.9", "   Compiling futures-core v0.3.21", "   Compiling bytes v1.1.0", "   Compiling futures-channel v0.3.21", "   Compiling futures-sink v0.3.21", "   Compiling futures-task v0.3.21", "   Compiling serde_derive v1.0.137", "   Compiling bitflags v1.3.2", "   Compiling futures-util v0.3.21", "   Compiling futures-io v0.3.21", "   Compiling serde v1.0.137", "   Compiling slab v0.4.6", "   Compiling matches v0.1.9", "   Compiling pin-utils v0.1.0", "   Compiling itoa v1.0.2", "   Compiling fnv v1.0.7", "   Compiling proc-macro-hack v0.5.19", "   Compiling foreign-types-shared v0.1.1", "   Compiling smallvec v1.8.1", "   Compiling tinyvec_macros v0.1.0", "   Compiling openssl v0.10.40", "   Compiling native-tls v0.2.10", "   Compiling regex-syntax v0.6.26", "   Compiling percent-encoding v2.1.0", "   Compiling crc32fast v1.3.2", "   Compiling httparse v1.7.1", "   Compiling parking_lot_core v0.9.3", "   Compiling encoding_rs v0.8.31", "   Compiling hashbrown v0.12.1", "   Compiling lazy_static v1.4.0", "   Compiling scopeguard v1.1.0", "   Compiling adler v1.0.2", "   Compiling try-lock v0.2.3", "   Compiling new_debug_unreachable v1.0.4", "   Compiling unicode-bidi v0.3.8", "   Compiling openssl-probe v0.1.5", "   Compiling httpdate v1.0.2", "   Compiling tower-service v0.3.2", "   Compiling precomputed-hash v0.1.1", "   Compiling ryu v1.0.10", "   Compiling mac v0.1.1", "   Compiling serde_json v1.0.81", "   Compiling utf-8 v0.7.6", "   Compiling dtoa v0.4.8", "   Compiling async-trait v0.1.56", "   Compiling either v1.6.1", "   Compiling cini v0.1.1", "   Compiling nodrop v0.1.14", "   Compiling itoa v0.4.8", "   Compiling ipnet v2.5.0", "   Compiling byteorder v1.4.3", "   Compiling mime v0.3.16", "   Compiling convert_case v0.4.0", "   Compiling base64 v0.13.0", "   Compiling stable_deref_trait v1.2.0", "   Compiling anyhow v1.0.58", "   Compiling signal-hook v0.3.14", "   Compiling remove_dir_all v0.5.3", "   Compiling fastrand v1.7.0", "   Compiling thin-slice v0.1.1", "   Compiling humantime v2.1.0", "   Compiling number_prefix v0.4.0", "   Compiling termcolor v1.1.3", "   Compiling ansi_term v0.12.1", "   Compiling unicode-width v0.1.9", "   Compiling htmlescape v0.3.1", "   Compiling srcinfo v1.0.0", "   Compiling cini v1.0.0", "   Compiling tracing-core v0.1.28", "   Compiling indexmap v1.9.1", "   Compiling lock_api v0.4.7", "   Compiling num-traits v0.2.15", "   Compiling num-integer v0.1.45", "   Compiling memoffset v0.6.5", "   Compiling phf_shared v0.8.0", "   Compiling phf
This is the Z Shell configuration function for new users,
zsh-newuser-install.
You are seeing this message because you have no zsh startup files
(the files .zshenv, .zprofile, .zshrc, .zlogin in the directory
~).  This function can help you with a few settings that should
make your use of the shell easier.

You can:

(q)  Quit and do nothing.  The function will be run again next time.

(0)  Exit, creating the file ~/.zshrc containing just a comment.
     That will prevent this function being run again.

(1)  Continue to the main menu.

--- Type one of the keys in parentheses --- 

Aborting.
The function will be run again next time.  To prevent this, execute:
  touch ~/.zshrc
archlinuxdeskmini110% 
archlinuxdeskmini110% ll
zsh: command not found: ll
archlinuxdeskmini110% ls -lha
total 36K
drwx------  6 nka700 nka700 4.0K Oct  4 07:16 .
drwxr-xr-x  4 root   root   4.0K Oct  4 01:53 ..
drwxr-xr-x  3 nka700 nka700 4.0K Oct  4 07:09 .ansible
-rw-r--r--  1 nka700 nka700   21 Jan  9  2022 .bash_logout
-rw-r--r--  1 nka700 nka700   57 Jan  9  2022 .bash_profile
-rw-r--r--  1 nka700 nka700  141 Jan  9  2022 .bashrc
drwxr-xr-x  3 nka700 nka700 4.0K Oct  4 07:16 .cargo
drwxr-xr-x  5 nka700 nka700 4.0K Oct  4 07:25 paru
drwxr-xr-x 11 nka700 nka700 4.0K Oct  4 07:10 .zplug
archlinuxdeskmini110% cd paru 
archlinuxdeskmini110% ll
zsh: command not found: ll
archlinuxdeskmini110% ls -lha
total 11M
drwxr-xr-x 5 nka700 nka700 4.0K Oct  4 07:25 .
drwx------ 6 nka700 nka700 4.0K Oct  4 07:16 ..
drwxr-xr-x 8 nka700 nka700 4.0K Oct  4 07:12 .git
-rw-r--r-- 1 nka700 nka700 2.9M Oct  4 07:25 paru-1.11.1-1-x86_64.pkg.tar.zst
-rw-r--r-- 1 nka700 nka700 7.8M Oct  4 07:16 paru-1.11.1.tar.gz
drwxr-xr-x 3 nka700 nka700 4.0K Oct  4 07:25 pkg
-rw-r--r-- 1 nka700 nka700 1.6K Oct  4 07:12 PKGBUILD
drwxr-xr-x 3 nka700 nka700 4.0K Oct  4 07:16 src
-rw-r--r-- 1 nka700 nka700  636 Oct  4 07:12 .SRCINFO
archlinuxdeskmini110% makepkg -si --noconfirm
==> WARNING: A package has already been built, installing existing package...
==> Installing package paru with pacman -U...
[sudo] password for nka700: 
loading packages...
resolving dependencies...
looking for conflicting packages...

Package (1)  New Version  Net Change

paru         1.11.1-1       7.15 MiB

Total Installed Size:  7.15 MiB

:: Proceed with installation? [Y/n] 
(1/1) checking keys in keyring                                                                                                  [##############################################################################] 100%
(1/1) checking package integrity                                                                                                [##############################################################################] 100%
(1/1) loading package files                                                                                                     [##############################################################################] 100%
(1/1) checking for file conflicts                                                                                               [##############################################################################] 100%
(1/1) checking available disk space                                                                                             [##############################################################################] 100%
:: Processing package changes...
(1/1) installing paru                                                                                                           [##############################################################################] 100%
Optional dependencies for paru
    asp: downloading repo pkgbuilds
    bat: colored pkgbuild printing
    devtools: build in chroot
:: Running post-transaction hooks...
(1/1) Arming ConditionNeedsUpdate...
archlinuxdeskmini110% 
[root@archlinuxdeskmini110 ~]# ansible-playbook -i localhost main.yml --extra-vars "username=nka700 upassword=doragon564"
ERROR! the playbook: main.yml could not be found
[root@archlinuxdeskmini110 ~]# cd ansible-arch-openbox-setup/
[root@archlinuxdeskmini110 ansible-arch-openbox-setup]# ansible-playbook -i localhost main.yml --extra-vars "username=nka700 upassword=doragon564"
[WARNING]: Unable to parse /root/ansible-arch-openbox-setup/localhost as an inventory source
[WARNING]: No inventory was parsed, only implicit localhost is available
[WARNING]: provided hosts list is empty, only localhost is available. Note that the implicit localhost does not match 'all'

PLAY [localhost] ****************************************************************************************************************************************************************************************************

TASK [Gathering Facts] **********************************************************************************************************************************************************************************************
ok: [localhost]

TASK [openbox : check updates] **************************************************************************************************************************************************************************************
ok: [localhost]

TASK [openbox : include_tasks] **************************************************************************************************************************************************************************************
included: /root/ansible-arch-openbox-setup/roles/openbox/tasks/user.yml for localhost

TASK [openbox : add "nka700" user] **********************************************************************************************************************************************************************************
changed: [localhost]

TASK [openbox : add "nka700" user  to sudoers] **********************************************************************************************************************************************************************
ok: [localhost]

TASK [openbox : include_tasks] **************************************************************************************************************************************************************************************
included: /root/ansible-arch-openbox-setup/roles/openbox/tasks/pacman.yml for localhost

TASK [openbox : Enable pacman colourised output and verbose package lists] ******************************************************************************************************************************************
ok: [localhost] => (item={'regexp': '^#Color$', 'replace': 'Color'})
ok: [localhost] => (item={'regexp': '^#VerbosePkgLists$', 'replace': 'VerbosePkgLists'})

TASK [openbox : Enable repositories] ********************************************************************************************************************************************************************************
skipping: [localhost]

TASK [openbox : Ignore 'modified' group] ****************************************************************************************************************************************************************************
ok: [localhost]

TASK [openbox : include_tasks] **************************************************************************************************************************************************************************************
included: /root/ansible-arch-openbox-setup/roles/openbox/tasks/core-apps.yml for localhost

TASK [openbox : install basic utils, shells, apps] ******************************************************************************************************************************************************************
ok: [localhost]

TASK [openbox : Install archival utils] *****************************************************************************************************************************************************************************
ok: [localhost]

TASK [openbox : Install download utils] *****************************************************************************************************************************************************************************
ok: [localhost]

TASK [openbox : Install extra packages] *****************************************************************************************************************************************************************************
ok: [localhost]

TASK [openbox : Install python packages] ****************************************************************************************************************************************************************************
ok: [localhost]

TASK [openbox : enable sshd] ****************************************************************************************************************************************************************************************
ok: [localhost]

TASK [openbox : enable docker] **************************************************************************************************************************************************************************************
ok: [localhost]

TASK [openbox : include_tasks] **************************************************************************************************************************************************************************************
included: /root/ansible-arch-openbox-setup/roles/openbox/tasks/zsh.yml for localhost

TASK [openbox : install zsh] ****************************************************************************************************************************************************************************************
ok: [localhost]

TASK [openbox : change "nka700" shell to zsh] ***********************************************************************************************************************************************************************
[WARNING]: 'append' is set, but no 'groups' are specified. Use 'groups' for appending new groups.This will change to an error in Ansible 2.14.
ok: [localhost]

TASK [openbox : Stat zplug] *****************************************************************************************************************************************************************************************
ok: [localhost]

TASK [openbox : Install zplug for users] ****************************************************************************************************************************************************************************
skipping: [localhost]

TASK [openbox : include_tasks] **************************************************************************************************************************************************************************************
included: /root/ansible-arch-openbox-setup/roles/openbox/tasks/openbox.yml for localhost

TASK [openbox : install openbox] ************************************************************************************************************************************************************************************
ok: [localhost]

TASK [openbox : enable lightdm] *************************************************************************************************************************************************************************************
ok: [localhost]

TASK [openbox : include_tasks] **************************************************************************************************************************************************************************************
included: /root/ansible-arch-openbox-setup/roles/openbox/tasks/chromium.yml for localhost

TASK [openbox : install Chromium] ***********************************************************************************************************************************************************************************
ok: [localhost]

TASK [openbox : include_tasks] **************************************************************************************************************************************************************************************
included: /root/ansible-arch-openbox-setup/roles/openbox/tasks/terminal_browsers.yml for localhost

TASK [openbox : install term browsers] ******************************************************************************************************************************************************************************
ok: [localhost]

TASK [openbox : include_tasks] **************************************************************************************************************************************************************************************
included: /root/ansible-arch-openbox-setup/roles/openbox/tasks/aur.yml for localhost

TASK [openbox : Stat paru] ******************************************************************************************************************************************************************************************
ok: [localhost]

TASK [openbox : Install paru for users_1] ***************************************************************************************************************************************************************************
skipping: [localhost]

TASK [openbox : Install paru for users_2] ***************************************************************************************************************************************************************************
skipping: [localhost]

TASK [openbox : Install aur pkg for users] **************************************************************************************************************************************************************************
fatal: [localhost]: FAILED! => {"changed": true, "cmd": "paru -S --noconfirm obmenu obmenu-generator nitrogen rcm", "delta": "0:00:22.555342", "end": "2022-10-04 08:17:26.231166", "msg": "non-zero return code", "rc": 1, "start": "2022-10-04 08:17:03.675824", "stderr": "gpg: keyserver receive failed: Server indicated a failure\nerror: failed to run: gpg --recv-keys C01E1CAD5EA2C4F0B8E3571504C367C218ADD4FF: ", "stderr_lines": ["gpg: keyserver receive failed: Server indicated a failure", "error: failed to run: gpg --recv-keys C01E1CAD5EA2C4F0B8E3571504C367C218ADD4FF: "], "stdout": "resolving dependencies...\nlooking for conflicting packages...\n\nPackage (2)     New Version  Net Change  Download Size\n\nextra/gtkmm     1:2.24.5-4     7.79 MiB       1.17 MiB\nextra/nitrogen  1.6.1-4        0.44 MiB       0.16 MiB\n\nTotal Download Size:   1.33 MiB\nTotal Installed Size:  8.23 MiB\n\n:: Proceed with installation? [Y/n] \n:: Retrieving packages...\n gtkmm-1:2.24.5-4-x86_64 downloading...\n nitrogen-1.6.1-4-x86_64 downloading...\nchecking keyring...\nchecking package integrity...\nloading package files...\nchecking for file conflicts...\nchecking available disk space...\n:: Processing package changes...\ninstalling gtkmm...\ninstalling nitrogen...\n:: Running post-transaction hooks...\n(1/3) Arming ConditionNeedsUpdate...\n(2/3) Updating icon theme caches...\n(3/3) Updating the desktop file MIME type cache...\n:: Resolving dependencies...\n:: There are 2 providers available for rcm:\n:: Repository AUR:\n    1) rcm  2) rcm-git  \nEnter a number (default=1): :: Calculating conflicts...\n:: Calculating inner conflicts...\n:: orphans: obmenu\n\nRepo (12)                                 Old Version  New Version  Make Only\ncommunity/perl-cairo-gobject                           1.004-12     No\ncommunity/perl-data-dump                               1.25-3       No\ncommunity/perl-glib-object-introspection               0.049-3      No\ncommunity/perl-gtk3                                    0.038-2      No\ncore/gcc-fortran                                       12.2.0-1     Yes\nextra/cairo-perl                                       1.109-2      No\nextra/cblas                                            3.10.1-1     Yes\nextra/gdb                                              12.1-1       Yes\nextra/gdb-common                                       12.1-1       Yes\nextra/glib-perl                                        1.329.3-3    No\nextra/tcl                                              8.6.12-3     Yes\nextra/tk                                               8.6.12-1     Yes\n\nAur (12)                                  Old Version  New Version  Make Only\naur/python2                                            2.7.18-6     No\naur/python2-setuptools                                 2:44.1.1-2   Yes\naur/cython2                                            0.29.32-2    Yes\naur/python2-numpy                                      1.16.6-2     Yes\naur/python2-gobject2                                   2.28.7-7     No\naur/libglade                                           2.6.4-8      No\naur/python2-cairo                                      1.18.2-4     No\naur/pygtk                                              2.24.0-12    No\naur/obmenu                                             1.0-12       No\naur/perl-linux-desktopfiles                            0.25-2       No\naur/obmenu-generator                                   0.91-1       No\naur/rcm                                                1.3.5-1      No\n\n:: Proceed to review? [Y/n]: \n\n:: Downloading PKGBUILDs...\n ( 1/12) downloading: python2-cairo-1.18.2-4\n ( 2/12) downloading: python2-gobject2-2.28.7-7\n ( 3/12) downloading: cython2-0.29.32-2\n ( 4/12) downloading: obmenu-1.0-12\n ( 5/12) downloading: python2-2.7.18-6\n ( 6/12) downloading: rcm-1.3.5-1\n ( 7/12) downloading: libglade-2.6.4-8\n ( 8/12) downloading: obmenu-generator-0.91-1\n ( 9/12) downloading: python2-setuptools-2:44.1.1-2\n (10/12) downloading: python2-numpy-1.16.6-2\n (11/12) downloading: perl-linux-desktopfiles-0.25-2\n (12/12) downloading: pygtk-2.24.0-12\n:: keys need to be imported:\n     C01E1CAD5EA2C4F0B8E3571504C367C218ADD4FF wanted by: python2-2.7.18-6\n:: import? [Y/n]: ", "stdout_lines": ["resolving dependencies...", "looking for conflicting packages...", "", "Package (2)     New Version  Net Change  Download Size", "", "extra/gtkmm     1:2.24.5-4     7.79 MiB       1.17 MiB", "extra/nitrogen  1.6.1-4        0.44 MiB       0.16 MiB", "", "Total Download Size:   1.33 MiB", "Total Installed Size:  8.23 MiB", "", ":: Proceed with installation? [Y/n] ", ":: Retrieving packages...", " gtkmm-1:2.24.5-4-x86_64 downloading...", " nitrogen-1.6.1-4-x86_64 downloading...", "checking keyring...", "checking package integrity...", "loading package files...", "checking for file conflicts...", "checking available disk space...", ":: Processing package changes...", "installing gtkmm...", "installing nitrogen...", ":: Running post-transaction hooks...", "(1/3) Arming ConditionNeedsUpdate...", "(2/3) Updating icon theme caches...", "(3/3) Updating the desktop file MIME type cache...", ":: Resolving dependencies...", ":: There are 2 providers available for rcm:", ":: Repository AUR:", "    1) rcm  2) rcm-git  ", "Enter a number (default=1): :: Calculating conflicts...", ":: Calculating inner conflicts...", ":: orphans: obmenu", "", "Repo (12)                                 Old Version  New Version  Make Only", "community/perl-cairo-gobject                           1.004-12     No", "community/perl-data-dump                               1.25-3       No", "community/perl-glib-object-introspection               0.049-3      No", "community/perl-gtk3                                    0.038-2      No", "core/gcc-fortran                                       12.2.0-1     Yes", "extra/cairo-perl                                       1.109-2      No", "extra/cblas                                            3.10.1-1     Yes", "extra/gdb                                              12.1-1       Yes", "extra/gdb-common                                       12.1-1       Yes", "extra/glib-perl                                        1.329.3-3    No", "extra/tcl                                              8.6.12-3     Yes", "extra/tk                                               8.6.12-1     Yes", "", "Aur (12)                                  Old Version  New Version  Make Only", "aur/python2                                            2.7.18-6     No", "aur/python2-setuptools                                 2:44.1.1-2   Yes", "aur/cython2                                            0.29.32-2    Yes", "aur/python2-numpy                                      1.16.6-2     Yes", "aur/python2-gobject2                                   2.28.7-7     No", "aur/libglade                                           2.6.4-8      No", "aur/python2-cairo                                      1.18.2-4     No", "aur/pygtk                                              2.24.0-12    No", "aur/obmenu                                             1.0-12       No", "aur/perl-linux-desktopfiles                            0.25-2       No", "aur/obmenu-generator                                   0.91-1       No", "aur/rcm                                                1.3.5-1      No", "", ":: Proceed to review? [Y/n]: ", "", ":: Downloading PKGBUILDs...", " ( 1/12) downloading: python2-cairo-1.18.2-4", " ( 2/12) downloading: python2-gobject2-2.28.7-7", " ( 3/12) downloading: cython2-0.29.32-2", " ( 4/12) downloading: obmenu-1.0-12", " ( 5/12) downloading: python2-2.7.18-6", " ( 6/12) downloading: rcm-1.3.5-1", " ( 7/12) downloading: libglade-2.6.4-8", " ( 8/12) downloading: obmenu-generator-0.91-1", " ( 9/12) downloading: python2-setuptools-2:44.1.1-2", " (10/12) downloading: python2-numpy-1.16.6-2", " (11/12) downloading: perl-linux-desktopfiles-0.25-2", " (12/12) downloading: pygtk-2.24.0-12", ":: keys need to be imported:", "     C01E1CAD5EA2C4F0B8E3571504C367C218ADD4FF wanted by: python2-2.7.18-6", ":: import? [Y/n]: "]}

PLAY RECAP **********************************************************************************************************************************************************************************************************
localhost                  : ok=29   changed=1    unreachable=0    failed=1    skipped=4    rescued=0    ignored=0   

[root@archlinuxdeskmini110 ansible-arch-openbox-setup]# paru -S --noconfirm obmenu obmenu-generator nitrogen rcm                                  
warning: nitrogen-1.6.1-4 is up to date -- reinstalling
resolving dependencies...
looking for conflicting packages...

This is the Z Shell configuration function for new users,
zsh-newuser-install.
You are seeing this message because you have no zsh startup files
(the files .zshenv, .zprofile, .zshrc, .zlogin in the directory
~).  This function can help you with a few settings that should
make your use of the shell easier.

You can:

(q)  Quit and do nothing.  The function will be run again next time.

(0)  Exit, creating the file ~/.zshrc containing just a comment.
     That will prevent this function being run again.

(1)  Continue to the main menu.

--- Type one of the keys in parentheses --- 

Aborting.
The function will be run again next time.  To prevent this, execute:
  touch ~/.zshrc
archlinuxdeskmini110% paru -S obmenu obmenu-generator nitrogen rcm 

warning: nitrogen-1.6.1-4 is up to date -- reinstalling
resolving dependencies...
looking for conflicting packages...

Package (1)     Old Version  New Version  Net Change

extra/nitrogen  1.6.1-4      1.6.1-4        0.00 MiB

Total Installed Size:  0.44 MiB
Net Upgrade Size:      0.00 MiB

:: Proceed with installation? [Y/n] Y
(1/1) checking keys in keyring                                                                                                  [##############################################################################] 100%
(1/1) checking package integrity                                                                                                [##############################################################################] 100%
(1/1) loading package files                                                                                                     [##############################################################################] 100%
(1/1) checking for file conflicts                                                                                               [##############################################################################] 100%
(1/1) checking available disk space                                                                                             [##############################################################################] 100%
:: Processing package changes...
(1/1) reinstalling nitrogen                                                                                                     [##############################################################################] 100%
:: Running post-transaction hooks...
(1/4) Arming ConditionNeedsUpdate...
(2/4) Notifying arch-audit-gtk
(3/4) Updating icon theme caches...
(4/4) Updating the desktop file MIME type cache...
:: Resolving dependencies...
:: There are 2 providers available for rcm:
:: Repository AUR:
    1) rcm  2) rcm-git  
Enter a number (default=1): 1
:: Calculating conflicts...
:: Calculating inner conflicts...
:: orphans: obmenu

Repo (12)                                 Old Version  New Version  Make Only
community/perl-cairo-gobject                           1.004-12     No
community/perl-data-dump                               1.25-3       No
community/perl-glib-object-introspection               0.049-3      No
community/perl-gtk3                                    0.038-2      No
core/gcc-fortran                                       12.2.0-1     Yes
extra/cairo-perl                                       1.109-2      No
extra/cblas                                            3.10.1-1     Yes
extra/gdb                                              12.1-1       Yes
extra/gdb-common                                       12.1-1       Yes
extra/glib-perl                                        1.329.3-3    No
extra/tcl                                              8.6.12-3     Yes
extra/tk                                               8.6.12-1     Yes

Aur (12)                                  Old Version  New Version  Make Only
aur/python2                                            2.7.18-6     No
aur/python2-setuptools                                 2:44.1.1-2   Yes
aur/cython2                                            0.29.32-2    Yes
aur/python2-numpy                                      1.16.6-2     Yes
aur/python2-gobject2                                   2.28.7-7     No
aur/libglade                                           2.6.4-8      No
aur/python2-cairo                                      1.18.2-4     No
aur/pygtk                                              2.24.0-12    No
aur/obmenu                                             1.0-12       No
aur/perl-linux-desktopfiles                            0.25-2       No
aur/obmenu-generator                                   0.91-1       No
aur/rcm                                                1.3.5-1      No

:: Proceed to review? [Y/n]: Y

:: Downloading PKGBUILDs...
 PKGBUILDs up to date
 nothing new to review
:: keys need to be imported:
     C01E1CAD5EA2C4F0B8E3571504C367C218ADD4FF wanted by: python2-2.7.18-6
:: import? [Y/n]: Y
gpg: keyserver receive failed: Server indicated a failure
error: failed to run: gpg --recv-keys C01E1CAD5EA2C4F0B8E3571504C367C218ADD4FF: 
archlinuxdeskmini110% paru -S obmenu obmenu-generator nitrogen rcm
warning: nitrogen-1.6.1-4 is up to date -- reinstalling
resolving dependencies...
looking for conflicting packages...

Package (1)     Old Version  New Version  Net Change

extra/nitrogen  1.6.1-4      1.6.1-4        0.00 MiB

Total Installed Size:  0.44 MiB
Net Upgrade Size:      0.00 MiB

:: Proceed with installation? [Y/n] Y
(1/1) checking keys in keyring                                                                                                  [##############################################################################] 100%
(1/1) checking package integrity                                                                                                [##############################################################################] 100%
(1/1) loading package files                                                                                                     [##############################################################################] 100%
(1/1) checking for file conflicts                                                                                               [##############################################################################] 100%
(1/1) checking available disk space                                                                                             [##############################################################################] 100%
:: Processing package changes...
(1/1) reinstalling nitrogen                                                                                                     [##############################################################################] 100%
:: Running post-transaction hooks...
(1/4) Arming ConditionNeedsUpdate...
(2/4) Notifying arch-audit-gtk
(3/4) Updating icon theme caches...
(4/4) Updating the desktop file MIME type cache...
:: Resolving dependencies...
:: There are 2 providers available for rcm:
:: Repository AUR:
    1) rcm  2) rcm-git  
Enter a number (default=1): 1
:: Calculating conflicts...
:: Calculating inner conflicts...
:: orphans: obmenu

Repo (12)                                 Old Version  New Version  Make Only
community/perl-cairo-gobject                           1.004-12     No
community/perl-data-dump                               1.25-3       No
community/perl-glib-object-introspection               0.049-3      No
community/perl-gtk3                                    0.038-2      No
core/gcc-fortran                                       12.2.0-1     Yes
extra/cairo-perl                                       1.109-2      No
extra/cblas                                            3.10.1-1     Yes
extra/gdb                                              12.1-1       Yes
extra/gdb-common                                       12.1-1       Yes
extra/glib-perl                                        1.329.3-3    No
extra/tcl                                              8.6.12-3     Yes
extra/tk                                               8.6.12-1     Yes

Aur (12)                                  Old Version  New Version  Make Only
aur/python2                                            2.7.18-6     No
aur/python2-setuptools                                 2:44.1.1-2   Yes
aur/cython2                                            0.29.32-2    Yes
aur/python2-numpy                                      1.16.6-2     Yes
aur/python2-gobject2                                   2.28.7-7     No
aur/libglade                                           2.6.4-8      No
aur/python2-cairo                                      1.18.2-4     No
aur/pygtk                                              2.24.0-12    No
aur/obmenu                                             1.0-12       No
aur/perl-linux-desktopfiles                            0.25-2       No
aur/obmenu-generator                                   0.91-1       No
aur/rcm                                                1.3.5-1      No

:: Proceed to review? [Y/n]: Y

:: Downloading PKGBUILDs...
 PKGBUILDs up to date
 nothing new to review
:: keys need to be imported:
     C01E1CAD5EA2C4F0B8E3571504C367C218ADD4FF wanted by: python2-2.7.18-6
:: import? [Y/n]: Y
gpg: keyserver receive failed: Server indicated a failure
error: failed to run: gpg --recv-keys C01E1CAD5EA2C4F0B8E3571504C367C218ADD4FF: 
archlinuxdeskmini110% pacman-key --refresh-keys
==> ERROR: pacman-key needs to be run as root for this operation.
archlinuxdeskmini110% 
[root@archlinuxdeskmini110 ansible-arch-openbox-setup]# pacman-key --refresh-keys
gpg: key A6234074498E9CEE: "Christian Hesse (Arch Linux Package Signing) <arch@eworm.de>" 65 new signatures
gpg: Total number processed: 1
gpg:         new signatures: 65
gpg: marginals needed: 3  completes needed: 1  trust model: pgp
gpg: depth: 0  valid:   1  signed:   6  trust: 0-, 0q, 0n, 0m, 0f, 1u
gpg: depth: 1  valid:   6  signed:  94  trust: 0-, 0q, 0n, 6m, 0f, 0u
gpg: depth: 2  valid:  74  signed:  28  trust: 74-, 0q, 0n, 0m, 0f, 0u
gpg: next trustdb check due at 2022-11-16
pub   rsa2048 2011-08-12 [SC]
      02FD1C7A934E614545849F19A6234074498E9CEE
uid           [  full  ] Christian Hesse (Arch Linux Package Signing) <arch@eworm.de>
uid           [  full  ] Christian Hesse <eworm@archlinux.org>
sub   rsa2048 2011-08-12 [E]
sub   ed25519 2019-08-29 [S]
sub   cv25519 2019-08-29 [E]


This is the Z Shell configuration function for new users,
zsh-newuser-install.
You are seeing this message because you have no zsh startup files
(the files .zshenv, .zprofile, .zshrc, .zlogin in the directory
~).  This function can help you with a few settings that should
make your use of the shell easier.

You can:

(q)  Quit and do nothing.  The function will be run again next time.

(0)  Exit, creating the file ~/.zshrc containing just a comment.
     That will prevent this function being run again.

(1)  Continue to the main menu.

--- Type one of the keys in parentheses --- 

Aborting.
The function will be run again next time.  To prevent this, execute:
  touch ~/.zshrc
archlinuxdeskmini110% paru -S obmenu
:: Resolving dependencies...
:: Calculating conflicts...
:: Calculating inner conflicts...
:: orphans: obmenu

Repo (6)                Old Version  New Version  Make Only
core/gcc-fortran                     12.2.0-1     Yes
extra/cblas                          3.10.1-1     Yes
extra/gdb                            12.1-1       Yes
extra/gdb-common                     12.1-1       Yes
extra/tcl                            8.6.12-3     Yes
extra/tk                             8.6.12-1     Yes

Aur (9)                 Old Version  New Version  Make Only
aur/python2                          2.7.18-6     No
aur/python2-setuptools               2:44.1.1-2   Yes
aur/cython2                          0.29.32-2    Yes
aur/python2-numpy                    1.16.6-2     Yes
aur/python2-gobject2                 2.28.7-7     No
aur/libglade                         2.6.4-8      No
aur/python2-cairo                    1.18.2-4     No
aur/pygtk                            2.24.0-12    No
aur/obmenu                           1.0-12       No

:: Proceed to review? [Y/n]: Y

:: Downloading PKGBUILDs...
 PKGBUILDs up to date
 nothing new to review
:: keys need to be imported:
     C01E1CAD5EA2C4F0B8E3571504C367C218ADD4FF wanted by: python2-2.7.18-6
:: import? [Y/n]: Y
gpg: keyserver receive failed: Server indicated a failure
error: failed to run: gpg --recv-keys C01E1CAD5EA2C4F0B8E3571504C367C218ADD4FF: 
archlinuxdeskmini110% gpg --keyserver hkps://keys.openpgp.org/ --search-keys C01E1CAD5EA2C4F0B8E3571504C367C218ADD4FF
gpg: error searching keyserver: Server indicated a failure
gpg: keyserver search failed: Server indicated a failure
archlinuxdeskmini110% paru -Sss obmenu
aur/obmenu-generator 0.91-1 [+119 ~0.32]
    A fast pipe/static menu generator for the Openbox Window Manager (with icons support).
    URL     : https://github.com/trizen/obmenu-generator
    AUR URL : https://aur.archlinux.org/packages/obmenu-generator
aur/obmenu3 1.05-2 [+9 ~0.00]
    Openbox menu editor - replacement of obmenu
    URL     : http://sourceforge.net/projects/obmenu3
    AUR URL : https://aur.archlinux.org/packages/obmenu3
aur/obmenu2-git r20.d5261ef-2 [+4 ~0.00]
    Openbox menu editor. Written in Python 3 and GTK3
    URL     : https://github.com/0x10/obmenu2
    AUR URL : https://aur.archlinux.org/packages/obmenu2-git
aur/obmenu 1.0-12 [+2 ~0.00] [Orphaned]
    Openbox menu editor.
    URL     : http://obmenu.sourceforge.net/
    AUR URL : https://aur.archlinux.org/packages/obmenu
archlinuxdeskmini110% paru -Sss obmenu3
aur/obmenu3 1.05-2 [+9 ~0.00]
    Openbox menu editor - replacement of obmenu
    URL     : http://sourceforge.net/projects/obmenu3
    AUR URL : https://aur.archlinux.org/packages/obmenu3
archlinuxdeskmini110% paru -S --noconfirm obmenu3
:: Resolving dependencies...
:: Calculating conflicts...
:: Calculating inner conflicts...

Aur (1)      Old Version  New Version  Make Only
aur/obmenu3               1.05-2       No

:: Proceed to review? [Y/n]: 

:: Downloading PKGBUILDs...
 (1/1) obmenu3-1.05-2                                [-------------------------------------------------------------------------------------------------------------------------------------------------------------]
fetching devel info...
==> Making package: obmenu3 1.05-2 (Tue 04 Oct 2022 08:34:47 AM JST)
==> Retrieving sources...
  -> Downloading obmenu3-1.05-x86_64.tgz...
  % Total    % Received % Xferd  Average Speed   Time    Time     Time  Current
                                 Dload  Upload   Total   Spent    Left  Speed
100   732    0   732    0     0     46      0 --:--:--  0:00:15 --:--:--   173
100   748    0   748    0     0     46      0 --:--:--  0:00:15 --:--:--    46
100   979    0   979    0     0     60      0 --:--:--  0:00:16 --:--:--    60
  0     0    0     0    0     0      0      0 --:--:--  0:00:31 --:--:--   100   337  100   337    0     0     10      0  0:00:33  0:00:32  0:00:01    68
100 2967k  100 2967k    0     0  83969      0  0:00:36  0:00:36 --:--:--  759k
==> Validating source_x86_64 files with md5sums...
    obmenu3-1.05-x86_64.tgz ... Passed
==> Making package: obmenu3 1.05-2 (Tue 04 Oct 2022 08:35:25 AM JST)
==> Checking runtime dependencies...
==> Checking buildtime dependencies...
==> Retrieving sources...
  -> Found obmenu3-1.05-x86_64.tgz
==> Validating source_x86_64 files with md5sums...
    obmenu3-1.05-x86_64.tgz ... Passed
==> Removing existing $srcdir/ directory...
==> Extracting sources...
  -> Extracting obmenu3-1.05-x86_64.tgz with bsdtar
==> Sources are ready.
obmenu3-1.05-2: parsing pkg list...
==> Making package: obmenu3 1.05-2 (Tue 04 Oct 2022 08:35:28 AM JST)
==> Checking runtime dependencies...
==> Checking buildtime dependencies...
==> WARNING: Using existing $srcdir/ tree
==> Entering fakeroot environment...
==> Starting package()...
==> Tidying install...
  -> Removing libtool files...
  -> Purging unwanted files...
  -> Removing static library files...
  -> Stripping unneeded symbols from binaries and libraries...
  -> Compressing man and info pages...
==> Checking for packaging issues...
==> Creating package "obmenu3"...
  -> Generating .PKGINFO file...
  -> Generating .BUILDINFO file...
  -> Generating .MTREE file...
  -> Compressing package...
==> Leaving fakeroot environment.
==> Finished making: obmenu3 1.05-2 (Tue 04 Oct 2022 08:35:31 AM JST)
==> Cleaning up...
[sudo] password for nka700: 
loading packages...
resolving dependencies...
looking for conflicting packages...

Package (1)  New Version  Net Change

obmenu3      1.05-2         9.00 MiB

Total Installed Size:  9.00 MiB

:: Proceed with installation? [Y/n] 
(1/1) checking keys in keyring                                                             [#####################################################] 100%
(1/1) checking package integrity                                                           [#####################################################] 100%
(1/1) loading package files                                                                [#####################################################] 100%
(1/1) checking for file conflicts                                                          [#####################################################] 100%
(1/1) checking available disk space                                                        [#####################################################] 100%
:: Processing package changes...
(1/1) installing obmenu3                                                                   [#####################################################] 100%
:: Running post-transaction hooks...
(1/3) Arming ConditionNeedsUpdate...
(2/3) Updating icon theme caches...
(3/3) Updating the desktop file MIME type cache...
archlinuxdeskmini110% paru -S --noconfirm obmenu-generator rcm nitrogen
warning: nitrogen-1.6.1-4 is up to date -- reinstalling
resolving dependencies...
looking for conflicting packages...

Package (1)     Old Version  New Version  Net Change

extra/nitrogen  1.6.1-4      1.6.1-4        0.00 MiB

Total Installed Size:  0.44 MiB
Net Upgrade Size:      0.00 MiB

:: Proceed with installation? [Y/n] 
(1/1) checking keys in keyring                                                             [#####################################################] 100%
(1/1) checking package integrity                                                           [#####################################################] 100%
(1/1) loading package files                                                                [#####################################################] 100%
(1/1) checking for file conflicts                                                          [#####################################################] 100%
(1/1) checking available disk space                                                        [#####################################################] 100%
:: Processing package changes...
(1/1) reinstalling nitrogen                                                                [#####################################################] 100%
:: Running post-transaction hooks...
(1/4) Arming ConditionNeedsUpdate...
(2/4) Notifying arch-audit-gtk
(3/4) Updating icon theme caches...
(4/4) Updating the desktop file MIME type cache...
:: Resolving dependencies...
:: There are 2 providers available for rcm:
:: Repository AUR:
    1) rcm  2) rcm-git  
Enter a number (default=1): :: Calculating conflicts...
:: Calculating inner conflicts...

Repo (6)                                  Old Version  New Version  Make Only
community/perl-cairo-gobject                           1.004-12     No
community/perl-data-dump                               1.25-3       No
community/perl-glib-object-introspection               0.049-3      No
community/perl-gtk3                                    0.038-2      No
extra/cairo-perl                                       1.109-2      No
extra/glib-perl                                        1.329.3-3    No

Aur (3)                                   Old Version  New Version  Make Only
aur/perl-linux-desktopfiles                            0.25-2       No
aur/obmenu-generator                                   0.91-1       No
aur/rcm                                                1.3.5-1      No

:: Proceed to review? [Y/n]: 

:: Downloading PKGBUILDs...
 PKGBUILDs up to date
resolving dependencies...
looking for conflicting packages...

Package (6)                               New Version  Net Change  Download Size

extra/cairo-perl                          1.109-2        0.31 MiB       0.08 MiB
extra/glib-perl                           1.329.3-3      0.69 MiB       0.29 MiB
community/perl-cairo-gobject              1.004-12       0.03 MiB       0.01 MiB
community/perl-data-dump                  1.25-3         0.04 MiB       0.02 MiB
community/perl-glib-object-introspection  0.049-3        0.20 MiB       0.06 MiB
community/perl-gtk3                       0.038-2        0.08 MiB       0.03 MiB

Total Download Size:   0.49 MiB
Total Installed Size:  1.35 MiB

:: Proceed with installation? [Y/n] 
:: Retrieving packages...
 glib-perl-1.329.3-3-x86_64                                    297.3 KiB   676 KiB/s 00:00 [#####################################################] 100%
 cairo-perl-1.109-2-x86_64                                      81.2 KiB   676 KiB/s 00:00 [#####################################################] 100%
 perl-glib-object-introspection-0.049-3-x86_64                  64.8 KiB   270 KiB/s 00:00 [#####################################################] 100%
 perl-gtk3-0.038-2-any                                          27.8 KiB   695 KiB/s 00:00 [#####################################################] 100%
 perl-data-dump-1.25-3-any                                      23.7 KiB   394 KiB/s 00:00 [#####################################################] 100%
 perl-cairo-gobject-1.004-12-x86_64                              9.2 KiB   184 KiB/s 00:00 [#####################################################] 100%
 Total (6/6)                                                   504.0 KiB   417 KiB/s 00:01 [#####################################################] 100%
(6/6) checking keys in keyring                                                             [#####################################################] 100%
(6/6) checking package integrity                                                           [#####################################################] 100%
(6/6) loading package files                                                                [#####################################################] 100%
(6/6) checking for file conflicts                                                          [#####################################################] 100%
(6/6) checking available disk space                                                        [#####################################################] 100%
:: Processing package changes...
(1/6) installing perl-data-dump                                                            [#####################################################] 100%
(2/6) installing glib-perl                                                                 [#####################################################] 100%
(3/6) installing cairo-perl                                                                [#####################################################] 100%
(4/6) installing perl-cairo-gobject                                                        [#####################################################] 100%
(5/6) installing perl-glib-object-introspection                                            [#####################################################] 100%
(6/6) installing perl-gtk3                                                                 [#####################################################] 100%
:: Running post-transaction hooks...
(1/2) Arming ConditionNeedsUpdate...
(2/2) Warn about old perl modules
fetching devel info...
==> Making package: perl-linux-desktopfiles 0.25-2 (Tue 04 Oct 2022 08:36:11 AM JST)
==> Retrieving sources...
  -> Downloading Linux-DesktopFiles-0.25.tar.gz...
  % Total    % Received % Xferd  Average Speed   Time    Time     Time  Current
                                 Dload  Upload   Total   Spent    Left  Speed
100 13995  100 13995    0     0  46529      0 --:--:-- --:--:-- --:--:-- 46495
==> Validating source files with md5sums...
    Linux-DesktopFiles-0.25.tar.gz ... Passed
==> Validating source files with sha512sums...
    Linux-DesktopFiles-0.25.tar.gz ... Passed
==> Making package: perl-linux-desktopfiles 0.25-2 (Tue 04 Oct 2022 08:36:12 AM JST)
==> Checking runtime dependencies...
==> Checking buildtime dependencies...
==> Retrieving sources...
  -> Found Linux-DesktopFiles-0.25.tar.gz
==> Validating source files with md5sums...
    Linux-DesktopFiles-0.25.tar.gz ... Passed
==> Validating source files with sha512sums...
    Linux-DesktopFiles-0.25.tar.gz ... Passed
==> Removing existing $srcdir/ directory...
==> Extracting sources...
  -> Extracting Linux-DesktopFiles-0.25.tar.gz with bsdtar
==> Sources are ready.
perl-linux-desktopfiles-0.25-2: parsing pkg list...
==> Making package: perl-linux-desktopfiles 0.25-2 (Tue 04 Oct 2022 08:36:14 AM JST)
==> Checking runtime dependencies...
==> Checking buildtime dependencies...
==> WARNING: Using existing $srcdir/ tree
==> Starting build()...
Checking if your kit is complete...
Looks good
Generating a Unix-style Makefile
Writing Makefile for Linux::DesktopFiles
Writing MYMETA.yml and MYMETA.json
cp lib/Linux/DesktopFiles.pm blib/lib/Linux/DesktopFiles.pm
Manifying 1 pod document
==> Starting check()...
PERL_DL_NONLAZY=1 "/usr/bin/perl" "-MExtUtils::Command::MM" "-MTest::Harness" "-e" "undef *Test::Harness::Switches; test_harness(0, 'blib/lib', 'blib/arch')" t/*.t
t/Linux-DesktopFiles.t .. ok     
t/pod-coverage.t ........ skipped: Test::Pod::Coverage 1.08 required for testing POD coverage
t/pod.t ................. skipped: Test::Pod 1.22 required for testing POD
All tests successful.
Files=3, Tests=12,  0 wallclock secs ( 0.02 usr  0.00 sys +  0.17 cusr  0.02 csys =  0.21 CPU)
Result: PASS
==> Entering fakeroot environment...
==> Starting package()...
Manifying 1 pod document
Installing /home/nka700/.cache/paru/clone/perl-linux-desktopfiles/pkg/perl-linux-desktopfiles/usr/share/perl5/vendor_perl/Linux/DesktopFiles.pm
Installing /home/nka700/.cache/paru/clone/perl-linux-desktopfiles/pkg/perl-linux-desktopfiles/usr/share/man/man3/Linux::DesktopFiles.3pm
Appending installation info to /home/nka700/.cache/paru/clone/perl-linux-desktopfiles/pkg/perl-linux-desktopfiles/usr/lib/perl5/5.36/core_perl/perllocal.pod
==> Tidying install...
  -> Removing empty directories...
  -> Removing libtool files...
  -> Purging unwanted files...
  -> Removing static library files...
  -> Stripping unneeded symbols from binaries and libraries...
  -> Compressing man and info pages...
==> Checking for packaging issues...
==> Creating package "perl-linux-desktopfiles"...
  -> Generating .PKGINFO file...
  -> Generating .BUILDINFO file...
  -> Generating .MTREE file...
  -> Compressing package...
==> Leaving fakeroot environment.
==> Finished making: perl-linux-desktopfiles 0.25-2 (Tue 04 Oct 2022 08:36:16 AM JST)
==> Cleaning up...
loading packages...
resolving dependencies...
looking for conflicting packages...

Package (1)              New Version  Net Change

perl-linux-desktopfiles  0.25-2         0.02 MiB

Total Installed Size:  0.02 MiB

:: Proceed with installation? [Y/n] 
(1/1) checking keys in keyring                                                             [#####################################################] 100%
(1/1) checking package integrity                                                           [#####################################################] 100%
(1/1) loading package files                                                                [#####################################################] 100%
(1/1) checking for file conflicts                                                          [#####################################################] 100%
(1/1) checking available disk space                                                        [#####################################################] 100%
:: Processing package changes...
(1/1) installing perl-linux-desktopfiles                                                   [#####################################################] 100%
:: Running post-transaction hooks...
(1/1) Arming ConditionNeedsUpdate...
==> Making package: obmenu-generator 0.91-1 (Tue 04 Oct 2022 08:36:17 AM JST)
==> Retrieving sources...
  -> Downloading obmenu-generator-0.91.tar.gz...
  % Total    % Received % Xferd  Average Speed   Time    Time     Time  Current
                                 Dload  Upload   Total   Spent    Left  Speed
  0     0    0     0    0     0      0      0 --:--:--  0:00:15 --:--:--     0
100 20648    0 20648    0     0    660      0 --:--:--  0:00:31 --:--:--  4833
==> Validating source files with b2sums...
    obmenu-generator-0.91.tar.gz ... Passed
==> Making package: obmenu-generator 0.91-1 (Tue 04 Oct 2022 08:36:49 AM JST)
==> Checking runtime dependencies...
==> Checking buildtime dependencies...
==> Retrieving sources...
  -> Found obmenu-generator-0.91.tar.gz
==> Validating source files with b2sums...
    obmenu-generator-0.91.tar.gz ... Passed
==> Removing existing $srcdir/ directory...
==> Extracting sources...
  -> Extracting obmenu-generator-0.91.tar.gz with bsdtar
==> Sources are ready.
obmenu-generator-0.91-1: parsing pkg list...
==> Making package: obmenu-generator 0.91-1 (Tue 04 Oct 2022 08:36:51 AM JST)
==> Checking runtime dependencies...
==> Checking buildtime dependencies...
==> WARNING: Using existing $srcdir/ tree
==> Entering fakeroot environment...
==> Starting package()...
==> Tidying install...
  -> Removing libtool files...
  -> Purging unwanted files...
  -> Removing static library files...
  -> Stripping unneeded symbols from binaries and libraries...
  -> Compressing man and info pages...
==> Checking for packaging issues...
==> Creating package "obmenu-generator"...
  -> Generating .PKGINFO file...
  -> Generating .BUILDINFO file...
  -> Adding install file...
  -> Generating .MTREE file...
  -> Compressing package...
==> Leaving fakeroot environment.
==> Finished making: obmenu-generator 0.91-1 (Tue 04 Oct 2022 08:36:53 AM JST)
==> Cleaning up...
loading packages...
resolving dependencies...
looking for conflicting packages...

Package (1)       New Version  Net Change

obmenu-generator  0.91-1         0.03 MiB

Total Installed Size:  0.03 MiB

:: Proceed with installation? [Y/n] 
(1/1) checking keys in keyring                                                             [#####################################################] 100%
(1/1) checking package integrity                                                           [#####################################################] 100%
(1/1) loading package files                                                                [#####################################################] 100%
(1/1) checking for file conflicts                                                          [#####################################################] 100%
(1/1) checking available disk space                                                        [#####################################################] 100%
:: Processing package changes...
(1/1) installing obmenu-generator                                                          [#####################################################] 100%

:: The schema file has been installed as: /etc/xdg/obmenu-generator/schema.pl

Optional dependencies for obmenu-generator
    perl-file-desktopentry: locale support
:: Running post-transaction hooks...
(1/1) Arming ConditionNeedsUpdate...
==> Making package: rcm 1.3.5-1 (Tue 04 Oct 2022 08:36:54 AM JST)
==> Retrieving sources...
  -> Downloading rcm-1.3.5.tar.gz...
  % Total    % Received % Xferd  Average Speed   Time    Time     Time  Current
                                 Dload  Upload   Total   Spent    Left  Speed
100 95585  100 95585    0     0   104k      0 --:--:-- --:--:-- --:--:--  104k
==> Validating source files with sha256sums...
    rcm-1.3.5.tar.gz ... Passed
==> Making package: rcm 1.3.5-1 (Tue 04 Oct 2022 08:36:56 AM JST)
==> Checking runtime dependencies...
==> Checking buildtime dependencies...
==> Retrieving sources...
  -> Found rcm-1.3.5.tar.gz
==> Validating source files with sha256sums...
    rcm-1.3.5.tar.gz ... Passed
==> Removing existing $srcdir/ directory...
==> Extracting sources...
  -> Extracting rcm-1.3.5.tar.gz with bsdtar
==> Sources are ready.
rcm-1.3.5-1: parsing pkg list...
==> Making package: rcm 1.3.5-1 (Tue 04 Oct 2022 08:36:58 AM JST)
==> Checking runtime dependencies...
==> Checking buildtime dependencies...
==> WARNING: Using existing $srcdir/ tree
==> Starting build()...
checking for a BSD-compatible install... /usr/bin/install -c
checking whether build environment is sane... yes
checking for a thread-safe mkdir -p... /usr/bin/mkdir -p
checking for gawk... gawk
checking whether make sets $(MAKE)... yes
checking whether make supports nested variables... yes
checking that generated files are newer than configure... done
configure: creating ./config.status
config.status: creating Makefile
config.status: creating share/rcm.sh
config.status: creating arch/git-PKGBUILD
config.status: creating NEWS.md
config.status: creating bin/lsrc
config.status: creating bin/mkrc
config.status: creating bin/rcdn
config.status: creating bin/rcup
config.status: creating maint/release
make: Nothing to be done for 'all'.
==> Entering fakeroot environment...
==> Starting package()...
make[1]: Entering directory '/home/nka700/.cache/paru/clone/rcm/src/rcm-1.3.5'
 /usr/bin/mkdir -p '/home/nka700/.cache/paru/clone/rcm/pkg/rcm//usr/bin'
 /usr/bin/install -c bin/lsrc bin/mkrc bin/rcup bin/rcdn '/home/nka700/.cache/paru/clone/rcm/pkg/rcm//usr/bin'
 /usr/bin/mkdir -p '/home/nka700/.cache/paru/clone/rcm/pkg/rcm//usr/share/rcm'
 /usr/bin/install -c -m 644 share/rcm.sh '/home/nka700/.cache/paru/clone/rcm/pkg/rcm//usr/share/rcm'
 /usr/bin/mkdir -p '/home/nka700/.cache/paru/clone/rcm/pkg/rcm//usr/share/man/man1'
 /usr/bin/install -c -m 644 man/lsrc.1 man/mkrc.1 man/rcdn.1 man/rcup.1 '/home/nka700/.cache/paru/clone/rcm/pkg/rcm//usr/share/man/man1'
 /usr/bin/mkdir -p '/home/nka700/.cache/paru/clone/rcm/pkg/rcm//usr/share/man/man5'
 /usr/bin/install -c -m 644 man/rcrc.5 '/home/nka700/.cache/paru/clone/rcm/pkg/rcm//usr/share/man/man5'
 /usr/bin/mkdir -p '/home/nka700/.cache/paru/clone/rcm/pkg/rcm//usr/share/man/man7'
 /usr/bin/install -c -m 644 man/rcm.7 '/home/nka700/.cache/paru/clone/rcm/pkg/rcm//usr/share/man/man7'
make[1]: Leaving directory '/home/nka700/.cache/paru/clone/rcm/src/rcm-1.3.5'
==> Tidying install...
  -> Removing libtool files...
  -> Purging unwanted files...
  -> Removing static library files...
  -> Stripping unneeded symbols from binaries and libraries...
  -> Compressing man and info pages...
==> Checking for packaging issues...
==> Creating package "rcm"...
  -> Generating .PKGINFO file...
  -> Generating .BUILDINFO file...
  -> Generating .MTREE file...
  -> Compressing package...
==> Leaving fakeroot environment.
==> Finished making: rcm 1.3.5-1 (Tue 04 Oct 2022 08:37:02 AM JST)
==> Cleaning up...
loading packages...
resolving dependencies...
looking for conflicting packages...

Package (1)  New Version  Net Change

rcm          1.3.5-1        0.04 MiB

Total Installed Size:  0.04 MiB

:: Proceed with installation? [Y/n] 
(1/1) checking keys in keyring                                                             [#####################################################] 100%
(1/1) checking package integrity                                                           [#####################################################] 100%
(1/1) loading package files                                                                [#####################################################] 100%
(1/1) checking for file conflicts                                                          [#####################################################] 100%
(1/1) checking available disk space                                                        [#####################################################] 100%
:: Processing package changes...
(1/1) installing rcm                                                                       [#####################################################] 100%
:: Running post-transaction hooks...
(1/1) Arming ConditionNeedsUpdate...
archlinuxdeskmini110% 
[root@archlinuxdeskmini110 ansible-arch-openbox-setup]# vim roles/openbox/vars/main.yml 
[root@archlinuxdeskmini110 ansible-arch-openbox-setup]# ansible-playbook -i localhost main.yml --extra-vars "username=nka700 upassword=doragon564" 
[WARNING]: Unable to parse /root/ansible-arch-openbox-setup/localhost as an inventory source
[WARNING]: No inventory was parsed, only implicit localhost is available
[WARNING]: provided hosts list is empty, only localhost is available. Note that the implicit localhost does not match 'all'

PLAY [localhost] **************************************************************************************************************************************

TASK [Gathering Facts] ********************************************************************************************************************************
ok: [localhost]

TASK [openbox : check updates] ************************************************************************************************************************
changed: [localhost]

TASK [openbox : include_tasks] ************************************************************************************************************************
included: /root/ansible-arch-openbox-setup/roles/openbox/tasks/user.yml for localhost

TASK [openbox : add "nka700" user] ********************************************************************************************************************
changed: [localhost]

TASK [openbox : add "nka700" user  to sudoers] ********************************************************************************************************
ok: [localhost]

TASK [openbox : include_tasks] ************************************************************************************************************************
included: /root/ansible-arch-openbox-setup/roles/openbox/tasks/pacman.yml for localhost

TASK [openbox : Enable pacman colourised output and verbose package lists] ****************************************************************************
ok: [localhost] => (item={'regexp': '^#Color$', 'replace': 'Color'})
ok: [localhost] => (item={'regexp': '^#VerbosePkgLists$', 'replace': 'VerbosePkgLists'})

TASK [openbox : Enable repositories] ******************************************************************************************************************
skipping: [localhost]

TASK [openbox : Ignore 'modified' group] **************************************************************************************************************
ok: [localhost]

TASK [openbox : include_tasks] ************************************************************************************************************************
included: /root/ansible-arch-openbox-setup/roles/openbox/tasks/core-apps.yml for localhost

TASK [openbox : install basic utils, shells, apps] ****************************************************************************************************
ok: [localhost]

TASK [openbox : Install archival utils] ***************************************************************************************************************
ok: [localhost]

TASK [openbox : Install download utils] ***************************************************************************************************************
ok: [localhost]

TASK [openbox : Install extra packages] ***************************************************************************************************************
ok: [localhost]

TASK [openbox : Install python packages] **************************************************************************************************************
ok: [localhost]

TASK [openbox : enable sshd] **************************************************************************************************************************
ok: [localhost]

TASK [openbox : enable docker] ************************************************************************************************************************
ok: [localhost]

TASK [openbox : include_tasks] ************************************************************************************************************************
included: /root/ansible-arch-openbox-setup/roles/openbox/tasks/zsh.yml for localhost

TASK [openbox : install zsh] **************************************************************************************************************************
ok: [localhost]

TASK [openbox : change "nka700" shell to zsh] *********************************************************************************************************
[WARNING]: 'append' is set, but no 'groups' are specified. Use 'groups' for appending new groups.This will change to an error in Ansible 2.14.
ok: [localhost]

TASK [openbox : Stat zplug] ***************************************************************************************************************************
ok: [localhost]

TASK [openbox : Install zplug for users] **************************************************************************************************************
skipping: [localhost]

TASK [openbox : include_tasks] ************************************************************************************************************************
included: /root/ansible-arch-openbox-setup/roles/openbox/tasks/openbox.yml for localhost

TASK [openbox : install openbox] **********************************************************************************************************************
ok: [localhost]

TASK [openbox : enable lightdm] ***********************************************************************************************************************
ok: [localhost]

TASK [openbox : include_tasks] ************************************************************************************************************************
included: /root/ansible-arch-openbox-setup/roles/openbox/tasks/chromium.yml for localhost

TASK [openbox : install Chromium] *********************************************************************************************************************
ok: [localhost]

TASK [openbox : include_tasks] ************************************************************************************************************************
included: /root/ansible-arch-openbox-setup/roles/openbox/tasks/terminal_browsers.yml for localhost

TASK [openbox : install term browsers] ****************************************************************************************************************
ok: [localhost]

TASK [openbox : include_tasks] ************************************************************************************************************************
included: /root/ansible-arch-openbox-setup/roles/openbox/tasks/aur.yml for localhost

TASK [openbox : Stat paru] ****************************************************************************************************************************
ok: [localhost]

TASK [openbox : Install paru for users_1] *************************************************************************************************************
skipping: [localhost]

TASK [openbox : Install paru for users_2] *************************************************************************************************************
skipping: [localhost]

TASK [openbox : Install aur pkg for users] ************************************************************************************************************
fatal: [localhost]: FAILED! => {"msg": "The task includes an option with an undefined variable. The error was: 'None' has no attribute 'pkg_install_shell'\n\nThe error appears to be in '/root/ansible-arch-openbox-setup/roles/openbox/tasks/aur.yml': line 24, column 3, but may\nbe elsewhere in the file depending on the exact syntax problem.\n\nThe offending line appears to be:\n\n\n- name: Install aur pkg for users\n  ^ here\n"}

PLAY RECAP ********************************************************************************************************************************************
localhost                  : ok=29   changed=2    unreachable=0    failed=1    skipped=4    rescued=0    ignored=0   

[root@archlinuxdeskmini110 ansible-arch-openbox-setup]# vim roles/openbox/tasks/aur.yml                                                           
[root@archlinuxdeskmini110 ansible-arch-openbox-setup]# ansible-playbook -i localhost main.yml --extra-vars "username=nka700 upassword=doragon564"
[WARNING]: Unable to parse /root/ansible-arch-openbox-setup/localhost as an inventory source
[WARNING]: No inventory was parsed, only implicit localhost is available
[WARNING]: provided hosts list is empty, only localhost is available. Note that the implicit localhost does not match 'all'

PLAY [localhost] **************************************************************************************************************************************

TASK [Gathering Facts] ********************************************************************************************************************************
ok: [localhost]

TASK [openbox : check updates] ************************************************************************************************************************
ok: [localhost]

TASK [openbox : include_tasks] ************************************************************************************************************************
included: /root/ansible-arch-openbox-setup/roles/openbox/tasks/user.yml for localhost

TASK [openbox : add "nka700" user] ********************************************************************************************************************
changed: [localhost]

TASK [openbox : add "nka700" user  to sudoers] ********************************************************************************************************
ok: [localhost]

TASK [openbox : include_tasks] ************************************************************************************************************************
included: /root/ansible-arch-openbox-setup/roles/openbox/tasks/pacman.yml for localhost

TASK [openbox : Enable pacman colourised output and verbose package lists] ****************************************************************************
ok: [localhost] => (item={'regexp': '^#Color$', 'replace': 'Color'})
ok: [localhost] => (item={'regexp': '^#VerbosePkgLists$', 'replace': 'VerbosePkgLists'})

TASK [openbox : Enable repositories] ******************************************************************************************************************
skipping: [localhost]

TASK [openbox : Ignore 'modified' group] **************************************************************************************************************
ok: [localhost]

TASK [openbox : include_tasks] ************************************************************************************************************************
included: /root/ansible-arch-openbox-setup/roles/openbox/tasks/core-apps.yml for localhost

TASK [openbox : install basic utils, shells, apps] ****************************************************************************************************
ok: [localhost]

TASK [openbox : Install archival utils] ***************************************************************************************************************
ok: [localhost]

TASK [openbox : Install download utils] ***************************************************************************************************************
ok: [localhost]

TASK [openbox : Install extra packages] ***************************************************************************************************************
ok: [localhost]

TASK [openbox : Install python packages] **************************************************************************************************************
ok: [localhost]

TASK [openbox : enable sshd] **************************************************************************************************************************
ok: [localhost]

TASK [openbox : enable docker] ************************************************************************************************************************
ok: [localhost]

TASK [openbox : include_tasks] ************************************************************************************************************************
included: /root/ansible-arch-openbox-setup/roles/openbox/tasks/zsh.yml for localhost

TASK [openbox : install zsh] **************************************************************************************************************************
ok: [localhost]

TASK [openbox : change "nka700" shell to zsh] *********************************************************************************************************
[WARNING]: 'append' is set, but no 'groups' are specified. Use 'groups' for appending new groups.This will change to an error in Ansible 2.14.
ok: [localhost]

TASK [openbox : Stat zplug] ***************************************************************************************************************************
ok: [localhost]

TASK [openbox : Install zplug for users] **************************************************************************************************************
skipping: [localhost]

TASK [openbox : include_tasks] ************************************************************************************************************************
included: /root/ansible-arch-openbox-setup/roles/openbox/tasks/openbox.yml for localhost

TASK [openbox : install openbox] **********************************************************************************************************************
ok: [localhost]

TASK [openbox : enable lightdm] ***********************************************************************************************************************
ok: [localhost]

TASK [openbox : include_tasks] ************************************************************************************************************************
included: /root/ansible-arch-openbox-setup/roles/openbox/tasks/chromium.yml for localhost

TASK [openbox : install Chromium] *********************************************************************************************************************
ok: [localhost]

TASK [openbox : include_tasks] ************************************************************************************************************************
included: /root/ansible-arch-openbox-setup/roles/openbox/tasks/terminal_browsers.yml for localhost

TASK [openbox : install term browsers] ****************************************************************************************************************
ok: [localhost]

TASK [openbox : include_tasks] ************************************************************************************************************************
included: /root/ansible-arch-openbox-setup/roles/openbox/tasks/aur.yml for localhost

TASK [openbox : Stat paru] ****************************************************************************************************************************
ok: [localhost]

TASK [openbox : Install paru for users_1] *************************************************************************************************************
skipping: [localhost]

TASK [openbox : Install paru for users_2] *************************************************************************************************************
skipping: [localhost]

TASK [openbox : include_tasks] ************************************************************************************************************************
included: /root/ansible-arch-openbox-setup/roles/openbox/tasks/pythonpkg.yml for localhost

TASK [openbox : Install python pkg for user] **********************************************************************************************************
ok: [localhost]

TASK [openbox : include_tasks] ************************************************************************************************************************
included: /root/ansible-arch-openbox-setup/roles/openbox/tasks/group.yml for localhost

TASK [openbox : add user docker] **********************************************************************************************************************
changed: [localhost]

TASK [openbox : include_tasks] ************************************************************************************************************************
included: /root/ansible-arch-openbox-setup/roles/openbox/tasks/dotfiles.yml for localhost

TASK [openbox : mkdir for openbox dotfiles] ***********************************************************************************************************
changed: [localhost]

TASK [openbox : Clone user dotfiles] ******************************************************************************************************************
changed: [localhost]

TASK [openbox : Install user dotfiles] ****************************************************************************************************************
changed: [localhost]

TASK [openbox : link conkyrc1] ************************************************************************************************************************
changed: [localhost]

TASK [openbox : link conkyrc2] ************************************************************************************************************************
changed: [localhost]

PLAY RECAP ********************************************************************************************************************************************
localhost                  : ok=39   changed=7    unreachable=0    failed=0    skipped=4    rescued=0    ignored=0   

[root@archlinuxdeskmini110 ansible-arch-openbox-setup]# obmenu
obmenu3           obmenu-generator  
[root@archlinuxdeskmini110 ansible-arch-openbox-setup]# obmenu
obmenu3           obmenu-generator  
[root@archlinuxdeskmini110 ansible-arch-openbox-setup]# obmenu --version
-bash: obmenu: command not found
[root@archlinuxdeskmini110 ansible-arch-openbox-setup]# reboot
[root@archlinuxdeskmini110 ansible-arch-openbox-setup]# Connection to 192.168.11.6 closed by remote host.
Connection to 192.168.11.6 closed.
 nka700@archz490  …/osimages  ↵ SIG(127)  ~~
